<html>
<body>
<pre>
<h1>µVision Build Log</h1>
<h2>Tool Versions:</h2>
IDE-Version: µVision V5.28.0.0
Copyright (C) 2019 ARM Ltd and ARM Germany GmbH. All rights reserved.
License Information: obit obit, obit, LIC=AK19U-SNDP6-QH28A-1CZKA-0AQNW-KDD2C
 
Tool Versions:
Toolchain:       MDK-ARM Professional  Version: 5.28.0.0
Toolchain Path:  C:\Keil_v5\ARM\ARMCC\Bin
C Compiler:      Armcc.exe V5.06 update 6 (build 750)
Assembler:       Armasm.exe V5.06 update 6 (build 750)
Linker/Locator:  ArmLink.exe V5.06 update 6 (build 750)
Library Manager: ArmAr.exe V5.06 update 6 (build 750)
Hex Converter:   FromElf.exe V5.06 update 6 (build 750)
CPU DLL:         SARMCM3.DLL V5.28.0.0
Dialog DLL:      DCM.DLL V1.17.3.0
Target DLL:      STLink\ST-LINKIII-KEIL_SWO.dll V3.0.6.0
Dialog DLL:      TCM.DLL V1.36.2.0
 
<h2>Project:</h2>
H:\Project_For_AKS\STM32\DisplayLCD-RS485\MDK-ARM\DisplayLCD-RS485.uvprojx
Project File Date:  01/01/2020

<h2>Output:</h2>
*** Using Compiler 'V5.06 update 6 (build 750)', folder: 'C:\Keil_v5\ARM\ARMCC\Bin'
Rebuild target 'DisplayLCD-RS485'
assembling startup_stm32f103xb.s...
compiling stm32f1xx_it.c...
compiling Rs485.c...
..\Src\Rs485.h(53): warning:  #1-D: last line of file ends without a newline
  #endif
..\Src\Rs485.c(143): warning:  #223-D: function "LCD_Gotoxy" declared implicitly
  				LCD_Gotoxy(x,y);
..\Src\Rs485.c(144): warning:  #223-D: function "LCD_Puts" declared implicitly
  		    LCD_Puts((char*)ContentBuff);
..\Src\Rs485.c(150): warning:  #223-D: function "LCD_Gotoxy" declared implicitly
  				LCD_Gotoxy(0,0);
..\Src\Rs485.c(151): warning:  #223-D: function "LCD_Puts" declared implicitly
  		    LCD_Puts("                ");
..\Src\Rs485.c(155): warning:  #223-D: function "LCD_Gotoxy" declared implicitly
  				LCD_Gotoxy(0,1);
..\Src\Rs485.c(156): warning:  #223-D: function "LCD_Puts" declared implicitly
  		    LCD_Puts("                ");
..\Src\Rs485.c(160): warning:  #223-D: function "LCD_Clear" declared implicitly
  				LCD_Clear();
..\Src\Rs485.c(167): warning:  #188-D: enumerated type mixed with another type
  				HAL_GPIO_WritePin(LED_SOS_GPIO_Port,LED_SOS_Pin,DataBuff[2]);
..\Src\Rs485.c(168): warning:  #188-D: enumerated type mixed with another type
  				HAL_GPIO_WritePin(LED_BUSY_GPIO_Port,LED_BUSY_Pin,DataBuff[3]);
..\Src\Rs485.c(169): warning:  #188-D: enumerated type mixed with another type
  				HAL_GPIO_WritePin(LED_NETWORK_GPIO_Port,LED_NETWORK_Pin,DataBuff[4]);
..\Src\Rs485.c(170): warning:  #188-D: enumerated type mixed with another type
  				HAL_GPIO_WritePin(RELAY_LED1_GPIO_Port,RELAY_LED1_Pin,DataBuff[5]);
..\Src\Rs485.c(171): warning:  #188-D: enumerated type mixed with another type
          HAL_GPIO_WritePin(RELAY_LED2_GPIO_Port,RELAY_LED2_Pin,DataBuff[6]);
..\Src\Rs485.c(172): warning:  #188-D: enumerated type mixed with another type
  				HAL_GPIO_WritePin(RELAY_LED3_GPIO_Port,RELAY_LED3_Pin,DataBuff[7]);
..\Src\Rs485.c(173): warning:  #188-D: enumerated type mixed with another type
  				HAL_GPIO_WritePin(RELAY_LED4_GPIO_Port,RELAY_LED4_Pin,DataBuff[8]);
..\Src\Rs485.c(174): warning:  #188-D: enumerated type mixed with another type
  				HAL_GPIO_WritePin(SPK_GPIO_Port,SPK_Pin,!DataBuff[9]);		
..\Src\Rs485.c(262): warning:  #177-D: variable "adr"  was declared but never referenced
  	uint8_t adr = add;
..\Src\Rs485.c(278): warning:  #188-D: enumerated type mixed with another type
  		HAL_GPIO_WritePin(RS485_DIR_GPIO_Port,RS485_DIR_Pin,1);
..\Src\Rs485.c(292): warning:  #188-D: enumerated type mixed with another type
  		HAL_GPIO_WritePin(RS485_DIR_GPIO_Port,RS485_DIR_Pin,0);
..\Src\Rs485.c: 19 warnings, 0 errors
compiling stm32f1xx_hal_gpio_ex.c...
compiling stm32f1xx_hal_msp.c...
compiling read_switch.c...
..\Src\read_switch.h(36): warning:  #1295-D: Deprecated declaration AddressBoard - give arg types
  uint8_t AddressBoard();
..\Src\read_switch.h(37): warning:  #1-D: last line of file ends without a newline
  #endif
..\Src\read_switch.c: 2 warnings, 0 errors
compiling stm32f1xx_hal_adc.c...
compiling main.c...
../Src/lcd1602.h(16): warning:  #188-D: enumerated type mixed with another type
  HAL_GPIO_WritePin(GPIOA,EN_Pin,1);
../Src/lcd1602.h(19): warning:  #188-D: enumerated type mixed with another type
  HAL_GPIO_WritePin(GPIOA,EN_Pin,0);  
../Src/lcd1602.h(26): warning:  #188-D: enumerated type mixed with another type
  HAL_GPIO_WritePin(GPIOA,D4_Pin,Data&0x01);
../Src/lcd1602.h(27): warning:  #188-D: enumerated type mixed with another type
  HAL_GPIO_WritePin(GPIOA,D5_Pin,(Data>>1)&0x01);
../Src/lcd1602.h(28): warning:  #188-D: enumerated type mixed with another type
  HAL_GPIO_WritePin(GPIOA,D6_Pin,(Data>>2)&0x01);
../Src/lcd1602.h(29): warning:  #188-D: enumerated type mixed with another type
  HAL_GPIO_WritePin(GPIOA,D7_Pin,(Data>>3)&0x01); 
../Src/lcd1602.h(49): warning:  #188-D: enumerated type mixed with another type
  	HAL_GPIO_WritePin(LCD_RW_GPIO_Port,LCD_RW_Pin,0);  
../Src/lcd1602.h(51): warning:  #188-D: enumerated type mixed with another type
    HAL_GPIO_WritePin(GPIOA,RS_Pin,0);
../Src/lcd1602.h(75): warning:  #188-D: enumerated type mixed with another type
    HAL_GPIO_WritePin(GPIOA,RS_Pin,1);
../Src/lcd1602.h(77): warning:  #188-D: enumerated type mixed with another type
    HAL_GPIO_WritePin(GPIOA,RS_Pin,0);
../Src/lcd1602.h(86): warning:  #1-D: last line of file ends without a newline
  }
../Src/Rs485.h(53): warning:  #1-D: last line of file ends without a newline
  #endif
../Src/read_switch.h(36): warning:  #1295-D: Deprecated declaration AddressBoard - give arg types
  uint8_t AddressBoard();
../Src/read_switch.h(37): warning:  #1-D: last line of file ends without a newline
  #endif
../Src/main.c(160): warning:  #188-D: enumerated type mixed with another type
  	HAL_GPIO_WritePin(RS485_DIR_GPIO_Port,RS485_DIR_Pin,0);
../Src/main.c(177): warning:  #188-D: enumerated type mixed with another type
      HAL_GPIO_WritePin(SPK_GPIO_Port,SPK_Pin,0);	
../Src/main.c(179): warning:  #188-D: enumerated type mixed with another type
  		HAL_GPIO_WritePin(SPK_GPIO_Port,SPK_Pin,1);	
../Src/main.c(194): warning:  #188-D: enumerated type mixed with another type
  	HAL_GPIO_WritePin(SPK_GPIO_Port,SPK_Pin,0);	
../Src/main.c(205): warning:  #167-D: argument of type "volatile uint8_t *" is incompatible with parameter of type "uint8_t *"
    HAL_UART_Receive_IT(&huart1,&rx_data,1);
../Src/main.c(437): warning:  #188-D: enumerated type mixed with another type
    HAL_GPIO_WritePin(GPIOC, LED_NETWORK_Pin|LED_BUSY_Pin|LED_SOS_Pin, GPIO_PIN_SET);
../Src/main.c(442): warning:  #188-D: enumerated type mixed with another type
                            |RS485_DIR_Pin, GPIO_PIN_RESET);
../Src/main.c(445): warning:  #188-D: enumerated type mixed with another type
    HAL_GPIO_WritePin(GPIOB, RELAY_LED1_Pin|RELAY_LED2_Pin|RELAY_LED3_Pin|RELAY_LED4_Pin, GPIO_PIN_SET);
../Src/main.c: 22 warnings, 0 errors
compiling stm32f1xx_hal_adc_ex.c...
compiling stm32f1xx_hal_tim.c...
compiling stm32f1xx_hal_can.c...
compiling stm32f1xx_hal_iwdg.c...
compiling stm32f1xx_hal_tim_ex.c...
compiling stm32f1xx_hal_uart.c...
compiling stm32f1xx_hal_i2c.c...
compiling stm32f1xx_hal.c...
compiling stm32f1xx_hal_cortex.c...
compiling stm32f1xx_hal_rcc_ex.c...
compiling stm32f1xx_hal_gpio.c...
compiling stm32f1xx_hal_dma.c...
compiling stm32f1xx_hal_pwr.c...
compiling stm32f1xx_hal_rcc.c...
compiling stm32f1xx_hal_flash.c...
compiling stm32f1xx_hal_flash_ex.c...
compiling system_stm32f1xx.c...
linking...
Program Size: Code=9832 RO-data=292 RW-data=104 ZI-data=1496  
FromELF: creating hex file...
"DisplayLCD-RS485\DisplayLCD-RS485-NewAPI.axf" - 0 Error(s), 43 Warning(s).

<h2>Software Packages used:</h2>

Package Vendor: ARM
                http://www.keil.com/pack/ARM.CMSIS.5.5.1.pack
                ARM.CMSIS.5.5.1
                CMSIS (Cortex Microcontroller Software Interface Standard)
   * Component: CORE Version: 5.2.0

Package Vendor: Keil
                http://www.keil.com/pack/Keil.STM32F1xx_DFP.2.3.0.pack
                Keil.STM32F1xx_DFP.2.3.0
                STMicroelectronics STM32F1 Series Device Support, Drivers and Examples

<h2>Collection of Component include folders:</h2>
  .\RTE\_DisplayLCD-RS485
  C:\Users\chuti\AppData\Local\Arm\Packs\ARM\CMSIS\5.5.1\CMSIS\Core\Include
  C:\Users\chuti\AppData\Local\Arm\Packs\Keil\STM32F1xx_DFP\2.3.0\Device\Include

<h2>Collection of Component Files used:</h2>

   * Component: ARM::CMSIS:CORE:5.2.0
Build Time Elapsed:  00:00:16
</pre>
</body>
</html>
