Component: ARM Compiler 5.06 update 6 (build 750) Tool: armlink [4d35ed]

==============================================================================

Section Cross References

    startup_stm32f103xb.o(RESET) refers to startup_stm32f103xb.o(STACK) for __initial_sp
    startup_stm32f103xb.o(RESET) refers to startup_stm32f103xb.o(.text) for Reset_Handler
    startup_stm32f103xb.o(RESET) refers to stm32f1xx_it.o(i.NMI_Handler) for NMI_Handler
    startup_stm32f103xb.o(RESET) refers to stm32f1xx_it.o(i.HardFault_Handler) for HardFault_Handler
    startup_stm32f103xb.o(RESET) refers to stm32f1xx_it.o(i.MemManage_Handler) for MemManage_Handler
    startup_stm32f103xb.o(RESET) refers to stm32f1xx_it.o(i.BusFault_Handler) for BusFault_Handler
    startup_stm32f103xb.o(RESET) refers to stm32f1xx_it.o(i.UsageFault_Handler) for UsageFault_Handler
    startup_stm32f103xb.o(RESET) refers to stm32f1xx_it.o(i.SVC_Handler) for SVC_Handler
    startup_stm32f103xb.o(RESET) refers to stm32f1xx_it.o(i.DebugMon_Handler) for DebugMon_Handler
    startup_stm32f103xb.o(RESET) refers to stm32f1xx_it.o(i.PendSV_Handler) for PendSV_Handler
    startup_stm32f103xb.o(RESET) refers to stm32f1xx_it.o(i.SysTick_Handler) for SysTick_Handler
    startup_stm32f103xb.o(RESET) refers to stm32f1xx_it.o(i.DMA1_Channel1_IRQHandler) for DMA1_Channel1_IRQHandler
    startup_stm32f103xb.o(RESET) refers to stm32f1xx_it.o(i.USART1_IRQHandler) for USART1_IRQHandler
    startup_stm32f103xb.o(.text) refers to system_stm32f1xx.o(i.SystemInit) for SystemInit
    startup_stm32f103xb.o(.text) refers to entry.o(.ARM.Collect$$$$00000000) for __main
    read_switch.o(i.AddressBoard) refers to stm32f1xx_hal_adc.o(i.HAL_ADC_Start_DMA) for HAL_ADC_Start_DMA
    read_switch.o(i.AddressBoard) refers to read_switch.o(i.GetAddressBinaryFromADCValue) for GetAddressBinaryFromADCValue
    read_switch.o(i.AddressBoard) refers to read_switch.o(.data) for .data
    read_switch.o(i.AddressBoard) refers to main.o(.bss) for hadc1
    read_switch.o(i.GetAddressBinaryFromADCValue) refers to read_switch.o(i.GetLocationMinValue) for GetLocationMinValue
    read_switch.o(i.GetAddressBinaryFromADCValue) refers to read_switch.o(.data) for .data
    read_switch.o(i.GetLocationMinValue) refers to read_switch.o(.data) for .data
    rs485.o(i.AddDeviceToText) refers to rs485.o(i.UART_PutChar) for UART_PutChar
    rs485.o(i.AddDeviceToText) refers to rs485.o(.data) for .data
    rs485.o(i.ButtonSendToRs485) refers to stm32f1xx_hal_gpio.o(i.HAL_GPIO_WritePin) for HAL_GPIO_WritePin
    rs485.o(i.ButtonSendToRs485) refers to stm32f1xx_hal.o(i.HAL_Delay) for HAL_Delay
    rs485.o(i.ButtonSendToRs485) refers to rs485.o(i.UART_Puts) for UART_Puts
    rs485.o(i.ButtonSendToRs485) refers to rs485.o(i.UART_PutChar) for UART_PutChar
    rs485.o(i.ButtonSendToRs485) refers to rs485.o(i.AddDeviceToText) for AddDeviceToText
    rs485.o(i.ButtonSendToRs485) refers to rs485.o(.data) for .data
    rs485.o(i.ButtonSendToRs485) refers to main.o(.data) for AddDevice
    rs485.o(i.ProcessBuffInWhileLoop) refers to main.o(i.LCD_Gotoxy) for LCD_Gotoxy
    rs485.o(i.ProcessBuffInWhileLoop) refers to main.o(i.LCD_Puts) for LCD_Puts
    rs485.o(i.ProcessBuffInWhileLoop) refers to main.o(i.LCD_Clear) for LCD_Clear
    rs485.o(i.ProcessBuffInWhileLoop) refers to stm32f1xx_hal_gpio.o(i.HAL_GPIO_WritePin) for HAL_GPIO_WritePin
    rs485.o(i.ProcessBuffInWhileLoop) refers to stm32f1xx_hal_gpio.o(i.HAL_GPIO_ReadPin) for HAL_GPIO_ReadPin
    rs485.o(i.ProcessBuffInWhileLoop) refers to stm32f1xx_hal.o(i.HAL_GetTick) for HAL_GetTick
    rs485.o(i.ProcessBuffInWhileLoop) refers to rs485.o(i.ButtonSendToRs485) for ButtonSendToRs485
    rs485.o(i.ProcessBuffInWhileLoop) refers to rs485.o(.data) for .data
    rs485.o(i.ProcessBuffInWhileLoop) refers to rs485.o(.bss) for .bss
    rs485.o(i.ProcessBuffInWhileLoop) refers to main.o(.data) for ADD_MASTER
    rs485.o(i.ProcessRs485) refers to rs485.o(.data) for .data
    rs485.o(i.UART_CallBack) refers to stm32f1xx_hal_uart.o(i.HAL_UART_Receive_IT) for HAL_UART_Receive_IT
    rs485.o(i.UART_CallBack) refers to rs485.o(.data) for .data
    rs485.o(i.UART_CallBack) refers to main.o(.data) for rx_data
    rs485.o(i.UART_CallBack) refers to rs485.o(.bss) for .bss
    rs485.o(i.UART_CallBack) refers to main.o(.bss) for huart1
    rs485.o(i.UART_PutChar) refers to stm32f1xx_hal_uart.o(i.HAL_UART_Transmit) for HAL_UART_Transmit
    rs485.o(i.UART_PutChar) refers to main.o(.bss) for huart1
    rs485.o(i.UART_Puts) refers to stm32f1xx_hal_uart.o(i.HAL_UART_Transmit) for HAL_UART_Transmit
    rs485.o(i.UART_Puts) refers to main.o(.bss) for huart1
    main.o(i.HAL_UART_RxCpltCallback) refers to rs485.o(i.UART_CallBack) for UART_CallBack
    main.o(i.HAL_UART_RxCpltCallback) refers to main.o(.bss) for .bss
    main.o(i.LCD_Clear) refers to main.o(i.LCD_SendCommand) for LCD_SendCommand
    main.o(i.LCD_Enable) refers to stm32f1xx_hal_gpio.o(i.HAL_GPIO_WritePin) for HAL_GPIO_WritePin
[...]
    stm32f1xx_hal.o(i.HAL_Init) refers to stm32f1xx_hal_msp.o(i.HAL_MspInit) for HAL_MspInit
    stm32f1xx_hal.o(i.HAL_InitTick) refers to stm32f1xx_hal_cortex.o(i.HAL_SYSTICK_Config) for HAL_SYSTICK_Config
    stm32f1xx_hal.o(i.HAL_InitTick) refers to stm32f1xx_hal_cortex.o(i.HAL_NVIC_SetPriority) for HAL_NVIC_SetPriority
    stm32f1xx_hal.o(i.HAL_InitTick) refers to stm32f1xx_hal.o(.data) for .data
    stm32f1xx_hal.o(i.HAL_InitTick) refers to system_stm32f1xx.o(.data) for SystemCoreClock
    stm32f1xx_hal.o(i.HAL_SetTickFreq) refers to stm32f1xx_hal.o(i.HAL_InitTick) for HAL_InitTick
    stm32f1xx_hal.o(i.HAL_SetTickFreq) refers to stm32f1xx_hal.o(.data) for .data
    stm32f1xx_hal_rcc.o(i.HAL_RCC_ClockConfig) refers to stm32f1xx_hal.o(i.HAL_GetTick) for HAL_GetTick
    stm32f1xx_hal_rcc.o(i.HAL_RCC_ClockConfig) refers to stm32f1xx_hal_rcc.o(i.HAL_RCC_GetSysClockFreq) for HAL_RCC_GetSysClockFreq
    stm32f1xx_hal_rcc.o(i.HAL_RCC_ClockConfig) refers to stm32f1xx_hal.o(i.HAL_InitTick) for HAL_InitTick
    stm32f1xx_hal_rcc.o(i.HAL_RCC_ClockConfig) refers to system_stm32f1xx.o(.constdata) for AHBPrescTable
    stm32f1xx_hal_rcc.o(i.HAL_RCC_ClockConfig) refers to system_stm32f1xx.o(.data) for SystemCoreClock
    stm32f1xx_hal_rcc.o(i.HAL_RCC_DeInit) refers to stm32f1xx_hal.o(i.HAL_GetTick) for HAL_GetTick
    stm32f1xx_hal_rcc.o(i.HAL_RCC_DeInit) refers to stm32f1xx_hal.o(i.HAL_InitTick) for HAL_InitTick
    stm32f1xx_hal_rcc.o(i.HAL_RCC_DeInit) refers to system_stm32f1xx.o(.data) for SystemCoreClock
    stm32f1xx_hal_rcc.o(i.HAL_RCC_GetHCLKFreq) refers to system_stm32f1xx.o(.data) for SystemCoreClock
    stm32f1xx_hal_rcc.o(i.HAL_RCC_GetPCLK1Freq) refers to system_stm32f1xx.o(.data) for SystemCoreClock
    stm32f1xx_hal_rcc.o(i.HAL_RCC_GetPCLK1Freq) refers to system_stm32f1xx.o(.constdata) for APBPrescTable
    stm32f1xx_hal_rcc.o(i.HAL_RCC_GetPCLK2Freq) refers to system_stm32f1xx.o(.data) for SystemCoreClock
    stm32f1xx_hal_rcc.o(i.HAL_RCC_GetPCLK2Freq) refers to system_stm32f1xx.o(.constdata) for APBPrescTable
    stm32f1xx_hal_rcc.o(i.HAL_RCC_MCOConfig) refers to stm32f1xx_hal_gpio.o(i.HAL_GPIO_Init) for HAL_GPIO_Init
    stm32f1xx_hal_rcc.o(i.HAL_RCC_NMI_IRQHandler) refers to stm32f1xx_hal_rcc.o(i.HAL_RCC_CSSCallback) for HAL_RCC_CSSCallback
    stm32f1xx_hal_rcc.o(i.HAL_RCC_OscConfig) refers to stm32f1xx_hal.o(i.HAL_GetTick) for HAL_GetTick
    stm32f1xx_hal_rcc.o(i.HAL_RCC_OscConfig) refers to system_stm32f1xx.o(.data) for SystemCoreClock
    stm32f1xx_hal_rcc_ex.o(i.HAL_RCCEx_GetPeriphCLKFreq) refers to stm32f1xx_hal_rcc.o(i.HAL_RCC_GetPCLK2Freq) for HAL_RCC_GetPCLK2Freq
    stm32f1xx_hal_rcc_ex.o(i.HAL_RCCEx_PeriphCLKConfig) refers to stm32f1xx_hal.o(i.HAL_GetTick) for HAL_GetTick
    stm32f1xx_hal_gpio.o(i.HAL_GPIO_EXTI_IRQHandler) refers to stm32f1xx_hal_gpio.o(i.HAL_GPIO_EXTI_Callback) for HAL_GPIO_EXTI_Callback
    stm32f1xx_hal_dma.o(i.HAL_DMA_PollForTransfer) refers to stm32f1xx_hal.o(i.HAL_GetTick) for HAL_GetTick
    stm32f1xx_hal_dma.o(i.HAL_DMA_Start) refers to stm32f1xx_hal_dma.o(i.DMA_SetConfig) for DMA_SetConfig
    stm32f1xx_hal_dma.o(i.HAL_DMA_Start_IT) refers to stm32f1xx_hal_dma.o(i.DMA_SetConfig) for DMA_SetConfig
    stm32f1xx_hal_cortex.o(i.HAL_NVIC_SetPriority) refers to stm32f1xx_hal_cortex.o(i.NVIC_SetPriority) for NVIC_SetPriority
    stm32f1xx_hal_cortex.o(i.HAL_SYSTICK_Config) refers to stm32f1xx_hal_cortex.o(i.NVIC_SetPriority) for NVIC_SetPriority
    stm32f1xx_hal_cortex.o(i.HAL_SYSTICK_IRQHandler) refers to stm32f1xx_hal_cortex.o(i.HAL_SYSTICK_Callback) for HAL_SYSTICK_Callback
    stm32f1xx_hal_pwr.o(i.HAL_PWR_EnterSTOPMode) refers to stm32f1xx_hal_pwr.o(i.PWR_OverloadWfe) for PWR_OverloadWfe
    stm32f1xx_hal_pwr.o(i.HAL_PWR_PVD_IRQHandler) refers to stm32f1xx_hal_pwr.o(i.HAL_PWR_PVDCallback) for HAL_PWR_PVDCallback
    stm32f1xx_hal_flash.o(i.FLASH_Program_HalfWord) refers to stm32f1xx_hal_flash.o(.bss) for .bss
    stm32f1xx_hal_flash.o(i.FLASH_SetErrorCode) refers to stm32f1xx_hal_flash.o(.bss) for .bss
    stm32f1xx_hal_flash.o(i.FLASH_WaitForLastOperation) refers to stm32f1xx_hal.o(i.HAL_GetTick) for HAL_GetTick
    stm32f1xx_hal_flash.o(i.FLASH_WaitForLastOperation) refers to stm32f1xx_hal_flash.o(i.FLASH_SetErrorCode) for FLASH_SetErrorCode
    stm32f1xx_hal_flash.o(i.HAL_FLASH_GetError) refers to stm32f1xx_hal_flash.o(.bss) for .bss
    stm32f1xx_hal_flash.o(i.HAL_FLASH_IRQHandler) refers to stm32f1xx_hal_flash.o(i.FLASH_SetErrorCode) for FLASH_SetErrorCode
    stm32f1xx_hal_flash.o(i.HAL_FLASH_IRQHandler) refers to stm32f1xx_hal_flash.o(i.HAL_FLASH_OperationErrorCallback) for HAL_FLASH_OperationErrorCallback
    stm32f1xx_hal_flash.o(i.HAL_FLASH_IRQHandler) refers to stm32f1xx_hal_flash.o(i.FLASH_Program_HalfWord) for FLASH_Program_HalfWord
    stm32f1xx_hal_flash.o(i.HAL_FLASH_IRQHandler) refers to stm32f1xx_hal_flash.o(i.HAL_FLASH_EndOfOperationCallback) for HAL_FLASH_EndOfOperationCallback
    stm32f1xx_hal_flash.o(i.HAL_FLASH_IRQHandler) refers to stm32f1xx_hal_flash_ex.o(i.FLASH_PageErase) for FLASH_PageErase
    stm32f1xx_hal_flash.o(i.HAL_FLASH_IRQHandler) refers to stm32f1xx_hal_flash.o(.bss) for .bss
    stm32f1xx_hal_flash.o(i.HAL_FLASH_OB_Launch) refers to stm32f1xx_hal_cortex.o(i.HAL_NVIC_SystemReset) for HAL_NVIC_SystemReset
    stm32f1xx_hal_flash.o(i.HAL_FLASH_Program) refers to stm32f1xx_hal_flash.o(i.FLASH_WaitForLastOperation) for FLASH_WaitForLastOperation
    stm32f1xx_hal_flash.o(i.HAL_FLASH_Program) refers to llushr.o(.text) for __aeabi_llsr
    stm32f1xx_hal_flash.o(i.HAL_FLASH_Program) refers to stm32f1xx_hal_flash.o(i.FLASH_Program_HalfWord) for FLASH_Program_HalfWord
    stm32f1xx_hal_flash.o(i.HAL_FLASH_Program) refers to stm32f1xx_hal_flash.o(.bss) for .bss
    stm32f1xx_hal_flash.o(i.HAL_FLASH_Program_IT) refers to stm32f1xx_hal_flash.o(i.FLASH_Program_HalfWord) for FLASH_Program_HalfWord
    stm32f1xx_hal_flash.o(i.HAL_FLASH_Program_IT) refers to stm32f1xx_hal_flash.o(.bss) for .bss
    stm32f1xx_hal_flash_ex.o(i.FLASH_MassErase) refers to stm32f1xx_hal_flash.o(.bss) for pFlash
    stm32f1xx_hal_flash_ex.o(i.FLASH_OB_DisableWRP) refers to stm32f1xx_hal_flash.o(i.FLASH_WaitForLastOperation) for FLASH_WaitForLastOperation
    stm32f1xx_hal_flash_ex.o(i.FLASH_OB_DisableWRP) refers to stm32f1xx_hal_flash_ex.o(i.HAL_FLASHEx_OBErase) for HAL_FLASHEx_OBErase
    stm32f1xx_hal_flash_ex.o(i.FLASH_OB_DisableWRP) refers to stm32f1xx_hal_flash.o(.bss) for pFlash
    stm32f1xx_hal_flash_ex.o(i.FLASH_OB_EnableWRP) refers to stm32f1xx_hal_flash.o(i.FLASH_WaitForLastOperation) for FLASH_WaitForLastOperation
    stm32f1xx_hal_flash_ex.o(i.FLASH_OB_EnableWRP) refers to stm32f1xx_hal_flash_ex.o(i.HAL_FLASHEx_OBErase) for HAL_FLASHEx_OBErase
    stm32f1xx_hal_flash_ex.o(i.FLASH_OB_EnableWRP) refers to stm32f1xx_hal_flash.o(.bss) for pFlash
    stm32f1xx_hal_flash_ex.o(i.FLASH_OB_RDP_LevelConfig) refers to stm32f1xx_hal_flash.o(i.FLASH_WaitForLastOperation) for FLASH_WaitForLastOperation
    stm32f1xx_hal_flash_ex.o(i.FLASH_OB_RDP_LevelConfig) refers to stm32f1xx_hal_flash.o(.bss) for pFlash
    stm32f1xx_hal_flash_ex.o(i.FLASH_PageErase) refers to stm32f1xx_hal_flash.o(.bss) for pFlash
    stm32f1xx_hal_flash_ex.o(i.HAL_FLASHEx_Erase) refers to stm32f1xx_hal_flash.o(i.FLASH_WaitForLastOperation) for FLASH_WaitForLastOperation
    stm32f1xx_hal_flash_ex.o(i.HAL_FLASHEx_Erase) refers to stm32f1xx_hal_flash_ex.o(i.FLASH_MassErase) for FLASH_MassErase
    stm32f1xx_hal_flash_ex.o(i.HAL_FLASHEx_Erase) refers to stm32f1xx_hal_flash_ex.o(i.FLASH_PageErase) for FLASH_PageErase
    stm32f1xx_hal_flash_ex.o(i.HAL_FLASHEx_Erase) refers to stm32f1xx_hal_flash.o(.bss) for pFlash
    stm32f1xx_hal_flash_ex.o(i.HAL_FLASHEx_Erase_IT) refers to stm32f1xx_hal_flash_ex.o(i.FLASH_PageErase) for FLASH_PageErase
    stm32f1xx_hal_flash_ex.o(i.HAL_FLASHEx_Erase_IT) refers to stm32f1xx_hal_flash_ex.o(i.FLASH_MassErase) for FLASH_MassErase
    stm32f1xx_hal_flash_ex.o(i.HAL_FLASHEx_Erase_IT) refers to stm32f1xx_hal_flash.o(.bss) for pFlash
    stm32f1xx_hal_flash_ex.o(i.HAL_FLASHEx_OBErase) refers to stm32f1xx_hal_flash_ex.o(i.FLASH_OB_GetRDP) for FLASH_OB_GetRDP
    stm32f1xx_hal_flash_ex.o(i.HAL_FLASHEx_OBErase) refers to stm32f1xx_hal_flash.o(i.FLASH_WaitForLastOperation) for FLASH_WaitForLastOperation
    stm32f1xx_hal_flash_ex.o(i.HAL_FLASHEx_OBErase) refers to stm32f1xx_hal_flash_ex.o(i.FLASH_OB_RDP_LevelConfig) for FLASH_OB_RDP_LevelConfig
    stm32f1xx_hal_flash_ex.o(i.HAL_FLASHEx_OBErase) refers to stm32f1xx_hal_flash.o(.bss) for pFlash
    stm32f1xx_hal_flash_ex.o(i.HAL_FLASHEx_OBGetConfig) refers to stm32f1xx_hal_flash_ex.o(i.FLASH_OB_GetRDP) for FLASH_OB_GetRDP
    stm32f1xx_hal_flash_ex.o(i.HAL_FLASHEx_OBProgram) refers to stm32f1xx_hal_flash_ex.o(i.FLASH_OB_DisableWRP) for FLASH_OB_DisableWRP
    stm32f1xx_hal_flash_ex.o(i.HAL_FLASHEx_OBProgram) refers to stm32f1xx_hal_flash_ex.o(i.FLASH_OB_EnableWRP) for FLASH_OB_EnableWRP
    stm32f1xx_hal_flash_ex.o(i.HAL_FLASHEx_OBProgram) refers to stm32f1xx_hal_flash_ex.o(i.FLASH_OB_RDP_LevelConfig) for FLASH_OB_RDP_LevelConfig
    stm32f1xx_hal_flash_ex.o(i.HAL_FLASHEx_OBProgram) refers to stm32f1xx_hal_flash.o(i.FLASH_WaitForLastOperation) for FLASH_WaitForLastOperation
    stm32f1xx_hal_flash_ex.o(i.HAL_FLASHEx_OBProgram) refers to stm32f1xx_hal_flash.o(.bss) for pFlash
    system_stm32f1xx.o(i.SystemCoreClockUpdate) refers to system_stm32f1xx.o(.data) for .data
    system_stm32f1xx.o(i.SystemCoreClockUpdate) refers to system_stm32f1xx.o(.constdata) for .constdata
    entry.o(.ARM.Collect$$$$00000000) refers (Special) to entry10a.o(.ARM.Collect$$$$0000000D) for __rt_final_cpp
    entry.o(.ARM.Collect$$$$00000000) refers (Special) to entry11a.o(.ARM.Collect$$$$0000000F) for __rt_final_exit
    entry.o(.ARM.Collect$$$$00000000) refers (Special) to entry7b.o(.ARM.Collect$$$$00000008) for _main_clock
    entry.o(.ARM.Collect$$$$00000000) refers (Special) to entry8b.o(.ARM.Collect$$$$0000000A) for _main_cpp_init
    entry.o(.ARM.Collect$$$$00000000) refers (Special) to entry9a.o(.ARM.Collect$$$$0000000B) for _main_init
    entry.o(.ARM.Collect$$$$00000000) refers (Special) to entry5.o(.ARM.Collect$$$$00000004) for _main_scatterload
    entry.o(.ARM.Collect$$$$00000000) refers (Special) to entry2.o(.ARM.Collect$$$$00000001) for _main_stk
    entry2.o(.ARM.Collect$$$$00000001) refers to entry2.o(.ARM.Collect$$$$00002712) for __lit__00000000
    entry2.o(.ARM.Collect$$$$00002712) refers to startup_stm32f103xb.o(STACK) for __initial_sp
    entry2.o(__vectab_stack_and_reset_area) refers to startup_stm32f103xb.o(STACK) for __initial_sp
    entry2.o(__vectab_stack_and_reset_area) refers to entry.o(.ARM.Collect$$$$00000000) for __main
    entry5.o(.ARM.Collect$$$$00000004) refers to init.o(.text) for __scatterload
    entry9a.o(.ARM.Collect$$$$0000000B) refers to main.o(i.main) for main
    entry9b.o(.ARM.Collect$$$$0000000C) refers to main.o(i.main) for main
    init.o(.text) refers to entry5.o(.ARM.Collect$$$$00000004) for __main_after_scatterload


==============================================================================

Removing Unused input sections from the image.

    Removing startup_stm32f103xb.o(HEAP), (512 bytes).
    Removing read_switch.o(.rev16_text), (4 bytes).
    Removing read_switch.o(.revsh_text), (4 bytes).
    Removing read_switch.o(.rrx_text), (6 bytes).
    Removing rs485.o(.rev16_text), (4 bytes).
    Removing rs485.o(.revsh_text), (4 bytes).
    Removing rs485.o(.rrx_text), (6 bytes).
    Removing rs485.o(i.ProcessRs485), (20 bytes).
    Removing rs485.o(.data), (4 bytes).
    Removing rs485.o(.data), (4 bytes).
    Removing main.o(.rev16_text), (4 bytes).
    Removing main.o(.revsh_text), (4 bytes).
    Removing main.o(.rrx_text), (6 bytes).
    Removing main.o(.data), (4 bytes).
    Removing stm32f1xx_it.o(.rev16_text), (4 bytes).
    Removing stm32f1xx_it.o(.revsh_text), (4 bytes).
    Removing stm32f1xx_it.o(.rrx_text), (6 bytes).
    Removing stm32f1xx_hal_msp.o(.rev16_text), (4 bytes).
    Removing stm32f1xx_hal_msp.o(.revsh_text), (4 bytes).
    Removing stm32f1xx_hal_msp.o(.rrx_text), (6 bytes).
    Removing stm32f1xx_hal_msp.o(i.HAL_ADC_MspDeInit), (56 bytes).
    Removing stm32f1xx_hal_msp.o(i.HAL_CAN_MspDeInit), (44 bytes).
    Removing stm32f1xx_hal_msp.o(i.HAL_I2C_MspDeInit), (44 bytes).
    Removing stm32f1xx_hal_msp.o(i.HAL_UART_MspDeInit), (56 bytes).
    Removing stm32f1xx_hal_gpio_ex.o(.rev16_text), (4 bytes).
    Removing stm32f1xx_hal_gpio_ex.o(.revsh_text), (4 bytes).
    Removing stm32f1xx_hal_gpio_ex.o(.rrx_text), (6 bytes).
    Removing stm32f1xx_hal_gpio_ex.o(i.HAL_GPIOEx_ConfigEventout), (20 bytes).
    Removing stm32f1xx_hal_gpio_ex.o(i.HAL_GPIOEx_DisableEventout), (16 bytes).
    Removing stm32f1xx_hal_gpio_ex.o(i.HAL_GPIOEx_EnableEventout), (16 bytes).
    Removing stm32f1xx_hal_adc.o(.rev16_text), (4 bytes).
    Removing stm32f1xx_hal_adc.o(.revsh_text), (4 bytes).
    Removing stm32f1xx_hal_adc.o(.rrx_text), (6 bytes).
    Removing stm32f1xx_hal_adc.o(i.HAL_ADC_AnalogWDGConfig), (88 bytes).
    Removing stm32f1xx_hal_adc.o(i.HAL_ADC_DeInit), (228 bytes).
    Removing stm32f1xx_hal_adc.o(i.HAL_ADC_GetError), (4 bytes).
    Removing stm32f1xx_hal_adc.o(i.HAL_ADC_GetState), (4 bytes).
    Removing stm32f1xx_hal_adc.o(i.HAL_ADC_GetValue), (6 bytes).
    Removing stm32f1xx_hal_adc.o(i.HAL_ADC_IRQHandler), (230 bytes).
    Removing stm32f1xx_hal_adc.o(i.HAL_ADC_LevelOutOfWindowCallback), (2 bytes).
    Removing stm32f1xx_hal_adc.o(i.HAL_ADC_MspDeInit), (2 bytes).
    Removing stm32f1xx_hal_adc.o(i.HAL_ADC_MspInit), (2 bytes).
    Removing stm32f1xx_hal_adc.o(i.HAL_ADC_PollForConversion), (304 bytes).
    Removing stm32f1xx_hal_adc.o(i.HAL_ADC_PollForEvent), (84 bytes).
    Removing stm32f1xx_hal_adc.o(i.HAL_ADC_Start), (192 bytes).
    Removing stm32f1xx_hal_adc.o(i.HAL_ADC_Start_IT), (204 bytes).
    Removing stm32f1xx_hal_adc.o(i.HAL_ADC_Stop), (52 bytes).
    Removing stm32f1xx_hal_adc.o(i.HAL_ADC_Stop_DMA), (76 bytes).
    Removing stm32f1xx_hal_adc.o(i.HAL_ADC_Stop_IT), (62 bytes).
    Removing stm32f1xx_hal_adc_ex.o(.rev16_text), (4 bytes).
    Removing stm32f1xx_hal_adc_ex.o(.revsh_text), (4 bytes).
    Removing stm32f1xx_hal_adc_ex.o(.rrx_text), (6 bytes).
    Removing stm32f1xx_hal_adc_ex.o(i.HAL_ADCEx_Calibration_Start), (200 bytes).
    Removing stm32f1xx_hal_adc_ex.o(i.HAL_ADCEx_InjectedConfigChannel), (476 bytes).
    Removing stm32f1xx_hal_adc_ex.o(i.HAL_ADCEx_InjectedConvCpltCallback), (2 bytes).
    Removing stm32f1xx_hal_adc_ex.o(i.HAL_ADCEx_InjectedGetValue), (30 bytes).
    Removing stm32f1xx_hal_adc_ex.o(i.HAL_ADCEx_InjectedPollForConversion), (292 bytes).
    Removing stm32f1xx_hal_adc_ex.o(i.HAL_ADCEx_InjectedStart), (168 bytes).
    Removing stm32f1xx_hal_adc_ex.o(i.HAL_ADCEx_InjectedStart_IT), (180 bytes).
    Removing stm32f1xx_hal_adc_ex.o(i.HAL_ADCEx_InjectedStop), (78 bytes).
    Removing stm32f1xx_hal_adc_ex.o(i.HAL_ADCEx_InjectedStop_IT), (88 bytes).
    Removing stm32f1xx_hal_adc_ex.o(i.HAL_ADCEx_MultiModeConfigChannel), (100 bytes).
    Removing stm32f1xx_hal_adc_ex.o(i.HAL_ADCEx_MultiModeGetValue), (32 bytes).
    Removing stm32f1xx_hal_adc_ex.o(i.HAL_ADCEx_MultiModeStart_DMA), (232 bytes).
    Removing stm32f1xx_hal_adc_ex.o(i.HAL_ADCEx_MultiModeStop_DMA), (116 bytes).
    Removing stm32f1xx_hal_can.o(.rev16_text), (4 bytes).
    Removing stm32f1xx_hal_can.o(.revsh_text), (4 bytes).
    Removing stm32f1xx_hal_can.o(.rrx_text), (6 bytes).
    Removing stm32f1xx_hal_can.o(i.CAN_Receive_IT), (294 bytes).
    Removing stm32f1xx_hal_can.o(i.HAL_CAN_ConfigFilter), (242 bytes).
    Removing stm32f1xx_hal_can.o(i.HAL_CAN_DeInit), (32 bytes).
    Removing stm32f1xx_hal_can.o(i.HAL_CAN_ErrorCallback), (2 bytes).
    Removing stm32f1xx_hal_can.o(i.HAL_CAN_GetError), (4 bytes).
    Removing stm32f1xx_hal_can.o(i.HAL_CAN_GetState), (6 bytes).
    Removing stm32f1xx_hal_can.o(i.HAL_CAN_IRQHandler), (564 bytes).
    Removing stm32f1xx_hal_can.o(i.HAL_CAN_MspDeInit), (2 bytes).
    Removing stm32f1xx_hal_can.o(i.HAL_CAN_MspInit), (2 bytes).
    Removing stm32f1xx_hal_can.o(i.HAL_CAN_Receive), (470 bytes).
    Removing stm32f1xx_hal_can.o(i.HAL_CAN_Receive_IT), (180 bytes).
    Removing stm32f1xx_hal_can.o(i.HAL_CAN_RxCpltCallback), (2 bytes).
    Removing stm32f1xx_hal_can.o(i.HAL_CAN_Sleep), (122 bytes).
    Removing stm32f1xx_hal_can.o(i.HAL_CAN_Transmit), (460 bytes).
    Removing stm32f1xx_hal_can.o(i.HAL_CAN_Transmit_IT), (292 bytes).
    Removing stm32f1xx_hal_can.o(i.HAL_CAN_TxCpltCallback), (2 bytes).
    Removing stm32f1xx_hal_can.o(i.HAL_CAN_WakeUp), (106 bytes).
    Removing stm32f1xx_hal_i2c.o(.rev16_text), (4 bytes).
    Removing stm32f1xx_hal_i2c.o(.revsh_text), (4 bytes).
    Removing stm32f1xx_hal_i2c.o(.rrx_text), (6 bytes).
    Removing stm32f1xx_hal_i2c.o(i.HAL_I2C_AbortCpltCallback), (2 bytes).
    Removing stm32f1xx_hal_i2c.o(i.HAL_I2C_AddrCallback), (2 bytes).
    Removing stm32f1xx_hal_i2c.o(i.HAL_I2C_DeInit), (50 bytes).
    Removing stm32f1xx_hal_i2c.o(i.HAL_I2C_DisableListen_IT), (68 bytes).
    Removing stm32f1xx_hal_i2c.o(i.HAL_I2C_ER_IRQHandler), (208 bytes).
    Removing stm32f1xx_hal_i2c.o(i.HAL_I2C_EV_IRQHandler), (496 bytes).
    Removing stm32f1xx_hal_i2c.o(i.HAL_I2C_EnableListen_IT), (58 bytes).
    Removing stm32f1xx_hal_i2c.o(i.HAL_I2C_ErrorCallback), (2 bytes).
    Removing stm32f1xx_hal_i2c.o(i.HAL_I2C_GetError), (4 bytes).
    Removing stm32f1xx_hal_i2c.o(i.HAL_I2C_GetMode), (6 bytes).
    Removing stm32f1xx_hal_i2c.o(i.HAL_I2C_GetState), (6 bytes).
    Removing stm32f1xx_hal_i2c.o(i.HAL_I2C_IsDeviceReady), (352 bytes).
    Removing stm32f1xx_hal_i2c.o(i.HAL_I2C_ListenCpltCallback), (2 bytes).
    Removing stm32f1xx_hal_i2c.o(i.HAL_I2C_MasterRxCpltCallback), (2 bytes).
    Removing stm32f1xx_hal_i2c.o(i.HAL_I2C_MasterTxCpltCallback), (2 bytes).
    Removing stm32f1xx_hal_i2c.o(i.HAL_I2C_Master_Abort_IT), (86 bytes).
    Removing stm32f1xx_hal_i2c.o(i.HAL_I2C_Master_Receive), (528 bytes).
    Removing stm32f1xx_hal_i2c.o(i.HAL_I2C_Master_Receive_DMA), (284 bytes).
    Removing stm32f1xx_hal_i2c.o(i.HAL_I2C_Master_Receive_IT), (188 bytes).
    Removing stm32f1xx_hal_i2c.o(i.HAL_I2C_Master_Sequential_Receive_IT), (204 bytes).
    Removing stm32f1xx_hal_i2c.o(i.HAL_I2C_Master_Sequential_Transmit_IT), (192 bytes).
    Removing stm32f1xx_hal_i2c.o(i.HAL_I2C_Master_Transmit), (312 bytes).
    Removing stm32f1xx_hal_i2c.o(i.HAL_I2C_Master_Transmit_DMA), (284 bytes).
    Removing stm32f1xx_hal_i2c.o(i.HAL_I2C_Master_Transmit_IT), (180 bytes).
    Removing stm32f1xx_hal_i2c.o(i.HAL_I2C_MemRxCpltCallback), (2 bytes).
    Removing stm32f1xx_hal_i2c.o(i.HAL_I2C_MemTxCpltCallback), (2 bytes).
    Removing stm32f1xx_hal_i2c.o(i.HAL_I2C_Mem_Read), (544 bytes).
    Removing stm32f1xx_hal_i2c.o(i.HAL_I2C_Mem_Read_DMA), (364 bytes).
    Removing stm32f1xx_hal_i2c.o(i.HAL_I2C_Mem_Read_IT), (216 bytes).
    Removing stm32f1xx_hal_i2c.o(i.HAL_I2C_Mem_Write), (316 bytes).
    Removing stm32f1xx_hal_i2c.o(i.HAL_I2C_Mem_Write_DMA), (284 bytes).
    Removing stm32f1xx_hal_i2c.o(i.HAL_I2C_Mem_Write_IT), (204 bytes).
    Removing stm32f1xx_hal_i2c.o(i.HAL_I2C_MspDeInit), (2 bytes).
    Removing stm32f1xx_hal_i2c.o(i.HAL_I2C_MspInit), (2 bytes).
    Removing stm32f1xx_hal_i2c.o(i.HAL_I2C_SlaveRxCpltCallback), (2 bytes).
    Removing stm32f1xx_hal_i2c.o(i.HAL_I2C_SlaveTxCpltCallback), (2 bytes).
    Removing stm32f1xx_hal_i2c.o(i.HAL_I2C_Slave_Receive), (384 bytes).
    Removing stm32f1xx_hal_i2c.o(i.HAL_I2C_Slave_Receive_DMA), (236 bytes).
    Removing stm32f1xx_hal_i2c.o(i.HAL_I2C_Slave_Receive_IT), (180 bytes).
    Removing stm32f1xx_hal_i2c.o(i.HAL_I2C_Slave_Sequential_Receive_IT), (114 bytes).
    Removing stm32f1xx_hal_i2c.o(i.HAL_I2C_Slave_Sequential_Transmit_IT), (114 bytes).
    Removing stm32f1xx_hal_i2c.o(i.HAL_I2C_Slave_Transmit), (356 bytes).
    Removing stm32f1xx_hal_i2c.o(i.HAL_I2C_Slave_Transmit_DMA), (236 bytes).
    Removing stm32f1xx_hal_i2c.o(i.HAL_I2C_Slave_Transmit_IT), (184 bytes).
    Removing stm32f1xx_hal_i2c.o(i.I2C_DMAAbort), (78 bytes).
    Removing stm32f1xx_hal_i2c.o(i.I2C_DMAError), (42 bytes).
    Removing stm32f1xx_hal_i2c.o(i.I2C_DMAXferCplt), (134 bytes).
    Removing stm32f1xx_hal_i2c.o(i.I2C_ITError), (292 bytes).
    Removing stm32f1xx_hal_i2c.o(i.I2C_IsAcknowledgeFailed), (40 bytes).
    Removing stm32f1xx_hal_i2c.o(i.I2C_MasterReceive_BTF), (200 bytes).
    Removing stm32f1xx_hal_i2c.o(i.I2C_MasterReceive_RXNE), (174 bytes).
    Removing stm32f1xx_hal_i2c.o(i.I2C_MasterRequestRead), (222 bytes).
    Removing stm32f1xx_hal_i2c.o(i.I2C_MasterRequestWrite), (148 bytes).
    Removing stm32f1xx_hal_i2c.o(i.I2C_MasterTransmit_BTF), (128 bytes).
    Removing stm32f1xx_hal_i2c.o(i.I2C_MasterTransmit_TXE), (264 bytes).
    Removing stm32f1xx_hal_i2c.o(i.I2C_Master_ADDR), (282 bytes).
    Removing stm32f1xx_hal_i2c.o(i.I2C_Master_SB), (90 bytes).
    Removing stm32f1xx_hal_i2c.o(i.I2C_RequestMemoryRead), (240 bytes).
    Removing stm32f1xx_hal_i2c.o(i.I2C_RequestMemoryWrite), (160 bytes).
    Removing stm32f1xx_hal_i2c.o(i.I2C_Slave_AF), (132 bytes).
    Removing stm32f1xx_hal_i2c.o(i.I2C_Slave_STOPF), (220 bytes).
    Removing stm32f1xx_hal_i2c.o(i.I2C_WaitOnBTFFlagUntilTimeout), (78 bytes).
    Removing stm32f1xx_hal_i2c.o(i.I2C_WaitOnFlagUntilTimeout), (96 bytes).
    Removing stm32f1xx_hal_i2c.o(i.I2C_WaitOnMasterAddressFlagUntilTimeout), (136 bytes).
    Removing stm32f1xx_hal_i2c.o(i.I2C_WaitOnRXNEFlagUntilTimeout), (98 bytes).
    Removing stm32f1xx_hal_i2c.o(i.I2C_WaitOnTXEFlagUntilTimeout), (78 bytes).
    Removing stm32f1xx_hal_iwdg.o(.rev16_text), (4 bytes).
    Removing stm32f1xx_hal_iwdg.o(.revsh_text), (4 bytes).
    Removing stm32f1xx_hal_iwdg.o(.rrx_text), (6 bytes).
    Removing stm32f1xx_hal_iwdg.o(i.HAL_IWDG_Refresh), (12 bytes).
    Removing stm32f1xx_hal_tim.o(.rev16_text), (4 bytes).
    Removing stm32f1xx_hal_tim.o(.revsh_text), (4 bytes).
    Removing stm32f1xx_hal_tim.o(.rrx_text), (6 bytes).
    Removing stm32f1xx_hal_tim_ex.o(.rev16_text), (4 bytes).
    Removing stm32f1xx_hal_tim_ex.o(.revsh_text), (4 bytes).
    Removing stm32f1xx_hal_tim_ex.o(.rrx_text), (6 bytes).
    Removing stm32f1xx_hal_uart.o(.rev16_text), (4 bytes).
    Removing stm32f1xx_hal_uart.o(.revsh_text), (4 bytes).
    Removing stm32f1xx_hal_uart.o(.rrx_text), (6 bytes).
    Removing stm32f1xx_hal_uart.o(i.HAL_HalfDuplex_EnableReceiver), (50 bytes).
    Removing stm32f1xx_hal_uart.o(i.HAL_HalfDuplex_EnableTransmitter), (50 bytes).
    Removing stm32f1xx_hal_uart.o(i.HAL_HalfDuplex_Init), (108 bytes).
    Removing stm32f1xx_hal_uart.o(i.HAL_LIN_Init), (122 bytes).
    Removing stm32f1xx_hal_uart.o(i.HAL_LIN_SendBreak), (46 bytes).
    Removing stm32f1xx_hal_uart.o(i.HAL_MultiProcessor_EnterMuteMode), (46 bytes).
    Removing stm32f1xx_hal_uart.o(i.HAL_MultiProcessor_ExitMuteMode), (46 bytes).
    Removing stm32f1xx_hal_uart.o(i.HAL_MultiProcessor_Init), (130 bytes).
    Removing stm32f1xx_hal_uart.o(i.HAL_UART_Abort), (104 bytes).
    Removing stm32f1xx_hal_uart.o(i.HAL_UART_AbortCpltCallback), (2 bytes).
    Removing stm32f1xx_hal_uart.o(i.HAL_UART_AbortReceive), (68 bytes).
    Removing stm32f1xx_hal_uart.o(i.HAL_UART_AbortReceiveCpltCallback), (2 bytes).
    Removing stm32f1xx_hal_uart.o(i.HAL_UART_AbortReceive_IT), (92 bytes).
    Removing stm32f1xx_hal_uart.o(i.HAL_UART_AbortTransmit), (58 bytes).
    Removing stm32f1xx_hal_uart.o(i.HAL_UART_AbortTransmitCpltCallback), (2 bytes).
    Removing stm32f1xx_hal_uart.o(i.HAL_UART_AbortTransmit_IT), (84 bytes).
    Removing stm32f1xx_hal_uart.o(i.HAL_UART_Abort_IT), (172 bytes).
    Removing stm32f1xx_hal_uart.o(i.HAL_UART_DMAPause), (102 bytes).
    Removing stm32f1xx_hal_uart.o(i.HAL_UART_DMAResume), (94 bytes).
    Removing stm32f1xx_hal_uart.o(i.HAL_UART_DMAStop), (88 bytes).
    Removing stm32f1xx_hal_uart.o(i.HAL_UART_DeInit), (40 bytes).
    Removing stm32f1xx_hal_uart.o(i.HAL_UART_GetError), (4 bytes).
    Removing stm32f1xx_hal_uart.o(i.HAL_UART_GetState), (10 bytes).
    Removing stm32f1xx_hal_uart.o(i.HAL_UART_MspDeInit), (2 bytes).
    Removing stm32f1xx_hal_uart.o(i.HAL_UART_MspInit), (2 bytes).
    Removing stm32f1xx_hal_uart.o(i.HAL_UART_Receive), (184 bytes).
    Removing stm32f1xx_hal_uart.o(i.HAL_UART_Receive_DMA), (152 bytes).
    Removing stm32f1xx_hal_uart.o(i.HAL_UART_RxCpltCallback), (2 bytes).
    Removing stm32f1xx_hal_uart.o(i.HAL_UART_RxHalfCpltCallback), (2 bytes).
    Removing stm32f1xx_hal_uart.o(i.HAL_UART_Transmit_DMA), (128 bytes).
    Removing stm32f1xx_hal_uart.o(i.HAL_UART_Transmit_IT), (62 bytes).
    Removing stm32f1xx_hal_uart.o(i.HAL_UART_TxHalfCpltCallback), (2 bytes).
    Removing stm32f1xx_hal_uart.o(i.UART_DMAError), (74 bytes).
    Removing stm32f1xx_hal_uart.o(i.UART_DMAReceiveCplt), (60 bytes).
    Removing stm32f1xx_hal_uart.o(i.UART_DMARxAbortCallback), (42 bytes).
    Removing stm32f1xx_hal_uart.o(i.UART_DMARxHalfCplt), (10 bytes).
    Removing stm32f1xx_hal_uart.o(i.UART_DMARxOnlyAbortCallback), (20 bytes).
    Removing stm32f1xx_hal_uart.o(i.UART_DMATransmitCplt), (46 bytes).
    Removing stm32f1xx_hal_uart.o(i.UART_DMATxAbortCallback), (42 bytes).
    Removing stm32f1xx_hal_uart.o(i.UART_DMATxHalfCplt), (10 bytes).
    Removing stm32f1xx_hal_uart.o(i.UART_DMATxOnlyAbortCallback), (20 bytes).
    Removing stm32f1xx_hal_uart.o(i.UART_EndTxTransfer), (18 bytes).
    Removing stm32f1xx_hal.o(.rev16_text), (4 bytes).
    Removing stm32f1xx_hal.o(.revsh_text), (4 bytes).
    Removing stm32f1xx_hal.o(.rrx_text), (6 bytes).
    Removing stm32f1xx_hal.o(i.HAL_DBGMCU_DisableDBGSleepMode), (16 bytes).
    Removing stm32f1xx_hal.o(i.HAL_DBGMCU_DisableDBGStandbyMode), (16 bytes).
    Removing stm32f1xx_hal.o(i.HAL_DBGMCU_DisableDBGStopMode), (16 bytes).
    Removing stm32f1xx_hal.o(i.HAL_DBGMCU_EnableDBGSleepMode), (16 bytes).
    Removing stm32f1xx_hal.o(i.HAL_DBGMCU_EnableDBGStandbyMode), (16 bytes).
    Removing stm32f1xx_hal.o(i.HAL_DBGMCU_EnableDBGStopMode), (16 bytes).
    Removing stm32f1xx_hal.o(i.HAL_DeInit), (32 bytes).
    Removing stm32f1xx_hal.o(i.HAL_GetDEVID), (16 bytes).
    Removing stm32f1xx_hal.o(i.HAL_GetHalVersion), (8 bytes).
    Removing stm32f1xx_hal.o(i.HAL_GetREVID), (12 bytes).
    Removing stm32f1xx_hal.o(i.HAL_GetTickFreq), (12 bytes).
    Removing stm32f1xx_hal.o(i.HAL_GetTickPrio), (12 bytes).
    Removing stm32f1xx_hal.o(i.HAL_GetUID), (28 bytes).
    Removing stm32f1xx_hal.o(i.HAL_MspDeInit), (2 bytes).
    Removing stm32f1xx_hal.o(i.HAL_MspInit), (2 bytes).
    Removing stm32f1xx_hal.o(i.HAL_ResumeTick), (14 bytes).
    Removing stm32f1xx_hal.o(i.HAL_SetTickFreq), (28 bytes).
    Removing stm32f1xx_hal.o(i.HAL_SuspendTick), (14 bytes).
    Removing stm32f1xx_hal_rcc.o(.rev16_text), (4 bytes).
    Removing stm32f1xx_hal_rcc.o(.revsh_text), (4 bytes).
    Removing stm32f1xx_hal_rcc.o(.rrx_text), (6 bytes).
    Removing stm32f1xx_hal_rcc.o(i.HAL_RCC_CSSCallback), (2 bytes).
    Removing stm32f1xx_hal_rcc.o(i.HAL_RCC_DeInit), (216 bytes).
    Removing stm32f1xx_hal_rcc.o(i.HAL_RCC_DisableCSS), (12 bytes).
    Removing stm32f1xx_hal_rcc.o(i.HAL_RCC_EnableCSS), (12 bytes).
    Removing stm32f1xx_hal_rcc.o(i.HAL_RCC_GetClockConfig), (64 bytes).
    Removing stm32f1xx_hal_rcc.o(i.HAL_RCC_GetOscConfig), (144 bytes).
    Removing stm32f1xx_hal_rcc.o(i.HAL_RCC_MCOConfig), (72 bytes).
    Removing stm32f1xx_hal_rcc.o(i.HAL_RCC_NMI_IRQHandler), (24 bytes).
    Removing stm32f1xx_hal_rcc_ex.o(.rev16_text), (4 bytes).
    Removing stm32f1xx_hal_rcc_ex.o(.revsh_text), (4 bytes).
    Removing stm32f1xx_hal_rcc_ex.o(.rrx_text), (6 bytes).
    Removing stm32f1xx_hal_rcc_ex.o(i.HAL_RCCEx_GetPeriphCLKConfig), (44 bytes).
    Removing stm32f1xx_hal_rcc_ex.o(i.HAL_RCCEx_GetPeriphCLKFreq), (200 bytes).
    Removing stm32f1xx_hal_gpio.o(.rev16_text), (4 bytes).
    Removing stm32f1xx_hal_gpio.o(.revsh_text), (4 bytes).
    Removing stm32f1xx_hal_gpio.o(.rrx_text), (6 bytes).
    Removing stm32f1xx_hal_gpio.o(i.HAL_GPIO_DeInit), (228 bytes).
    Removing stm32f1xx_hal_gpio.o(i.HAL_GPIO_EXTI_Callback), (2 bytes).
    Removing stm32f1xx_hal_gpio.o(i.HAL_GPIO_EXTI_IRQHandler), (24 bytes).
    Removing stm32f1xx_hal_gpio.o(i.HAL_GPIO_LockPin), (34 bytes).
    Removing stm32f1xx_hal_gpio.o(i.HAL_GPIO_TogglePin), (8 bytes).
    Removing stm32f1xx_hal_dma.o(.rev16_text), (4 bytes).
    Removing stm32f1xx_hal_dma.o(.revsh_text), (4 bytes).
    Removing stm32f1xx_hal_dma.o(.rrx_text), (6 bytes).
    Removing stm32f1xx_hal_dma.o(i.HAL_DMA_Abort), (48 bytes).
    Removing stm32f1xx_hal_dma.o(i.HAL_DMA_DeInit), (84 bytes).
    Removing stm32f1xx_hal_dma.o(i.HAL_DMA_GetError), (4 bytes).
    Removing stm32f1xx_hal_dma.o(i.HAL_DMA_GetState), (6 bytes).
    Removing stm32f1xx_hal_dma.o(i.HAL_DMA_PollForTransfer), (532 bytes).
    Removing stm32f1xx_hal_dma.o(i.HAL_DMA_RegisterCallback), (74 bytes).
    Removing stm32f1xx_hal_dma.o(i.HAL_DMA_Start), (80 bytes).
    Removing stm32f1xx_hal_dma.o(i.HAL_DMA_UnRegisterCallback), (82 bytes).
    Removing stm32f1xx_hal_cortex.o(.rev16_text), (4 bytes).
    Removing stm32f1xx_hal_cortex.o(.revsh_text), (4 bytes).
    Removing stm32f1xx_hal_cortex.o(.rrx_text), (6 bytes).
    Removing stm32f1xx_hal_cortex.o(i.HAL_NVIC_ClearPendingIRQ), (22 bytes).
    Removing stm32f1xx_hal_cortex.o(i.HAL_NVIC_DisableIRQ), (22 bytes).
    Removing stm32f1xx_hal_cortex.o(i.HAL_NVIC_GetActive), (32 bytes).
    Removing stm32f1xx_hal_cortex.o(i.HAL_NVIC_GetPendingIRQ), (32 bytes).
    Removing stm32f1xx_hal_cortex.o(i.HAL_NVIC_GetPriority), (82 bytes).
    Removing stm32f1xx_hal_cortex.o(i.HAL_NVIC_GetPriorityGrouping), (16 bytes).
    Removing stm32f1xx_hal_cortex.o(i.HAL_NVIC_SetPendingIRQ), (22 bytes).
    Removing stm32f1xx_hal_cortex.o(i.HAL_NVIC_SystemReset), (36 bytes).
    Removing stm32f1xx_hal_pwr.o(.rev16_text), (4 bytes).
    Removing stm32f1xx_hal_pwr.o(.revsh_text), (4 bytes).
    Removing stm32f1xx_hal_pwr.o(.rrx_text), (6 bytes).
    Removing stm32f1xx_hal_pwr.o(i.HAL_PWR_ConfigPVD), (124 bytes).
    Removing stm32f1xx_hal_pwr.o(i.HAL_PWR_DeInit), (24 bytes).
    Removing stm32f1xx_hal_pwr.o(i.HAL_PWR_DisableBkUpAccess), (12 bytes).
    Removing stm32f1xx_hal_pwr.o(i.HAL_PWR_DisablePVD), (12 bytes).
    Removing stm32f1xx_hal_pwr.o(i.HAL_PWR_DisableSEVOnPend), (16 bytes).
    Removing stm32f1xx_hal_pwr.o(i.HAL_PWR_DisableSleepOnExit), (16 bytes).
    Removing stm32f1xx_hal_pwr.o(i.HAL_PWR_DisableWakeUpPin), (28 bytes).
    Removing stm32f1xx_hal_pwr.o(i.HAL_PWR_EnableBkUpAccess), (12 bytes).
    Removing stm32f1xx_hal_pwr.o(i.HAL_PWR_EnablePVD), (12 bytes).
    Removing stm32f1xx_hal_pwr.o(i.HAL_PWR_EnableSEVOnPend), (16 bytes).
    Removing stm32f1xx_hal_pwr.o(i.HAL_PWR_EnableSleepOnExit), (16 bytes).
    Removing stm32f1xx_hal_pwr.o(i.HAL_PWR_EnableWakeUpPin), (28 bytes).
    Removing stm32f1xx_hal_pwr.o(i.HAL_PWR_EnterSLEEPMode), (32 bytes).
    Removing stm32f1xx_hal_pwr.o(i.HAL_PWR_EnterSTANDBYMode), (32 bytes).
    Removing stm32f1xx_hal_pwr.o(i.HAL_PWR_EnterSTOPMode), (68 bytes).
    Removing stm32f1xx_hal_pwr.o(i.HAL_PWR_PVDCallback), (2 bytes).
    Removing stm32f1xx_hal_pwr.o(i.HAL_PWR_PVD_IRQHandler), (28 bytes).
    Removing stm32f1xx_hal_pwr.o(i.PWR_OverloadWfe), (6 bytes).
    Removing stm32f1xx_hal_flash.o(.rev16_text), (4 bytes).
    Removing stm32f1xx_hal_flash.o(.revsh_text), (4 bytes).
    Removing stm32f1xx_hal_flash.o(.rrx_text), (6 bytes).
    Removing stm32f1xx_hal_flash.o(i.FLASH_Program_HalfWord), (28 bytes).
    Removing stm32f1xx_hal_flash.o(i.FLASH_SetErrorCode), (92 bytes).
    Removing stm32f1xx_hal_flash.o(i.FLASH_WaitForLastOperation), (84 bytes).
    Removing stm32f1xx_hal_flash.o(i.HAL_FLASH_EndOfOperationCallback), (2 bytes).
    Removing stm32f1xx_hal_flash.o(i.HAL_FLASH_GetError), (12 bytes).
    Removing stm32f1xx_hal_flash.o(i.HAL_FLASH_IRQHandler), (264 bytes).
    Removing stm32f1xx_hal_flash.o(i.HAL_FLASH_Lock), (20 bytes).
    Removing stm32f1xx_hal_flash.o(i.HAL_FLASH_OB_Launch), (4 bytes).
    Removing stm32f1xx_hal_flash.o(i.HAL_FLASH_OB_Lock), (20 bytes).
    Removing stm32f1xx_hal_flash.o(i.HAL_FLASH_OB_Unlock), (36 bytes).
    Removing stm32f1xx_hal_flash.o(i.HAL_FLASH_OperationErrorCallback), (2 bytes).
    Removing stm32f1xx_hal_flash.o(i.HAL_FLASH_Program), (128 bytes).
    Removing stm32f1xx_hal_flash.o(i.HAL_FLASH_Program_IT), (100 bytes).
    Removing stm32f1xx_hal_flash.o(i.HAL_FLASH_Unlock), (40 bytes).
    Removing stm32f1xx_hal_flash.o(.bss), (32 bytes).
    Removing stm32f1xx_hal_flash_ex.o(.rev16_text), (4 bytes).
    Removing stm32f1xx_hal_flash_ex.o(.revsh_text), (4 bytes).
    Removing stm32f1xx_hal_flash_ex.o(.rrx_text), (6 bytes).
    Removing stm32f1xx_hal_flash_ex.o(i.FLASH_MassErase), (36 bytes).
    Removing stm32f1xx_hal_flash_ex.o(i.FLASH_OB_DisableWRP), (176 bytes).
    Removing stm32f1xx_hal_flash_ex.o(i.FLASH_OB_EnableWRP), (176 bytes).
    Removing stm32f1xx_hal_flash_ex.o(i.FLASH_OB_GetRDP), (24 bytes).
    Removing stm32f1xx_hal_flash_ex.o(i.FLASH_OB_RDP_LevelConfig), (100 bytes).
    Removing stm32f1xx_hal_flash_ex.o(i.FLASH_PageErase), (36 bytes).
    Removing stm32f1xx_hal_flash_ex.o(i.HAL_FLASHEx_Erase), (168 bytes).
    Removing stm32f1xx_hal_flash_ex.o(i.HAL_FLASHEx_Erase_IT), (84 bytes).
    Removing stm32f1xx_hal_flash_ex.o(i.HAL_FLASHEx_OBErase), (84 bytes).
    Removing stm32f1xx_hal_flash_ex.o(i.HAL_FLASHEx_OBGetConfig), (36 bytes).
    Removing stm32f1xx_hal_flash_ex.o(i.HAL_FLASHEx_OBGetUserData), (32 bytes).
    Removing stm32f1xx_hal_flash_ex.o(i.HAL_FLASHEx_OBProgram), (200 bytes).
    Removing system_stm32f1xx.o(.rev16_text), (4 bytes).
    Removing system_stm32f1xx.o(.revsh_text), (4 bytes).
    Removing system_stm32f1xx.o(.rrx_text), (6 bytes).
    Removing system_stm32f1xx.o(i.SystemCoreClockUpdate), (104 bytes).

334 unused section(s) (total 25592 bytes) removed from the image.

==============================================================================

Image Symbol Table

    Local Symbols

    Symbol Name                              Value     Ov Type        Size  Object(Section)

    ..//Src/system_stm32f1xx.c               0x00000000   Number         0  system_stm32f1xx.o ABSOLUTE
    ../Drivers/STM32F1xx_HAL_Driver/Src/stm32f1xx_hal.c 0x00000000   Number         0  stm32f1xx_hal.o ABSOLUTE
    ../Drivers/STM32F1xx_HAL_Driver/Src/stm32f1xx_hal_adc.c 0x00000000   Number         0  stm32f1xx_hal_adc.o ABSOLUTE
    ../Drivers/STM32F1xx_HAL_Driver/Src/stm32f1xx_hal_adc_ex.c 0x00000000   Number         0  stm32f1xx_hal_adc_ex.o ABSOLUTE
    ../Drivers/STM32F1xx_HAL_Driver/Src/stm32f1xx_hal_can.c 0x00000000   Number         0  stm32f1xx_hal_can.o ABSOLUTE
    ../Drivers/STM32F1xx_HAL_Driver/Src/stm32f1xx_hal_cortex.c 0x00000000   Number         0  stm32f1xx_hal_cortex.o ABSOLUTE
    ../Drivers/STM32F1xx_HAL_Driver/Src/stm32f1xx_hal_dma.c 0x00000000   Number         0  stm32f1xx_hal_dma.o ABSOLUTE
    ../Drivers/STM32F1xx_HAL_Driver/Src/stm32f1xx_hal_flash.c 0x00000000   Number         0  stm32f1xx_hal_flash.o ABSOLUTE
    ../Drivers/STM32F1xx_HAL_Driver/Src/stm32f1xx_hal_flash_ex.c 0x00000000   Number         0  stm32f1xx_hal_flash_ex.o ABSOLUTE
    ../Drivers/STM32F1xx_HAL_Driver/Src/stm32f1xx_hal_gpio.c 0x00000000   Number         0  stm32f1xx_hal_gpio.o ABSOLUTE
    ../Drivers/STM32F1xx_HAL_Driver/Src/stm32f1xx_hal_gpio_ex.c 0x00000000   Number         0  stm32f1xx_hal_gpio_ex.o ABSOLUTE
    ../Drivers/STM32F1xx_HAL_Driver/Src/stm32f1xx_hal_i2c.c 0x00000000   Number         0  stm32f1xx_hal_i2c.o ABSOLUTE
    ../Drivers/STM32F1xx_HAL_Driver/Src/stm32f1xx_hal_iwdg.c 0x00000000   Number         0  stm32f1xx_hal_iwdg.o ABSOLUTE
    ../Drivers/STM32F1xx_HAL_Driver/Src/stm32f1xx_hal_pwr.c 0x00000000   Number         0  stm32f1xx_hal_pwr.o ABSOLUTE
    ../Drivers/STM32F1xx_HAL_Driver/Src/stm32f1xx_hal_rcc.c 0x00000000   Number         0  stm32f1xx_hal_rcc.o ABSOLUTE
    ../Drivers/STM32F1xx_HAL_Driver/Src/stm32f1xx_hal_rcc_ex.c 0x00000000   Number         0  stm32f1xx_hal_rcc_ex.o ABSOLUTE
    ../Drivers/STM32F1xx_HAL_Driver/Src/stm32f1xx_hal_tim.c 0x00000000   Number         0  stm32f1xx_hal_tim.o ABSOLUTE
    ../Drivers/STM32F1xx_HAL_Driver/Src/stm32f1xx_hal_tim_ex.c 0x00000000   Number         0  stm32f1xx_hal_tim_ex.o ABSOLUTE
    ../Drivers/STM32F1xx_HAL_Driver/Src/stm32f1xx_hal_uart.c 0x00000000   Number         0  stm32f1xx_hal_uart.o ABSOLUTE
    ../Src/main.c                            0x00000000   Number         0  main.o ABSOLUTE
    ../Src/stm32f1xx_hal_msp.c               0x00000000   Number         0  stm32f1xx_hal_msp.o ABSOLUTE
    ../Src/stm32f1xx_it.c                    0x00000000   Number         0  stm32f1xx_it.o ABSOLUTE
    ../clib/microlib/init/entry.s            0x00000000   Number         0  entry11b.o ABSOLUTE
    ../clib/microlib/init/entry.s            0x00000000   Number         0  entry11a.o ABSOLUTE
    ../clib/microlib/init/entry.s            0x00000000   Number         0  entry10b.o ABSOLUTE
    ../clib/microlib/init/entry.s            0x00000000   Number         0  entry10a.o ABSOLUTE
    ../clib/microlib/init/entry.s            0x00000000   Number         0  entry9b.o ABSOLUTE
    ../clib/microlib/init/entry.s            0x00000000   Number         0  entry9a.o ABSOLUTE
    ../clib/microlib/init/entry.s            0x00000000   Number         0  entry8b.o ABSOLUTE
    ../clib/microlib/init/entry.s            0x00000000   Number         0  entry8a.o ABSOLUTE
    ../clib/microlib/init/entry.s            0x00000000   Number         0  entry7b.o ABSOLUTE
    ../clib/microlib/init/entry.s            0x00000000   Number         0  entry7a.o ABSOLUTE
    ../clib/microlib/init/entry.s            0x00000000   Number         0  entry5.o ABSOLUTE
    ../clib/microlib/init/entry.s            0x00000000   Number         0  entry2.o ABSOLUTE
    ../clib/microlib/init/entry.s            0x00000000   Number         0  entry.o ABSOLUTE
    ../clib/microlib/longlong.c              0x00000000   Number         0  llushr.o ABSOLUTE
    ..\Drivers\STM32F1xx_HAL_Driver\Src\stm32f1xx_hal.c 0x00000000   Number         0  stm32f1xx_hal.o ABSOLUTE
    ..\Drivers\STM32F1xx_HAL_Driver\Src\stm32f1xx_hal_adc.c 0x00000000   Number         0  stm32f1xx_hal_adc.o ABSOLUTE
    ..\Drivers\STM32F1xx_HAL_Driver\Src\stm32f1xx_hal_adc_ex.c 0x00000000   Number         0  stm32f1xx_hal_adc_ex.o ABSOLUTE
    ..\Drivers\STM32F1xx_HAL_Driver\Src\stm32f1xx_hal_can.c 0x00000000   Number         0  stm32f1xx_hal_can.o ABSOLUTE
    ..\Drivers\STM32F1xx_HAL_Driver\Src\stm32f1xx_hal_cortex.c 0x00000000   Number         0  stm32f1xx_hal_cortex.o ABSOLUTE
    ..\Drivers\STM32F1xx_HAL_Driver\Src\stm32f1xx_hal_dma.c 0x00000000   Number         0  stm32f1xx_hal_dma.o ABSOLUTE
    ..\Drivers\STM32F1xx_HAL_Driver\Src\stm32f1xx_hal_flash.c 0x00000000   Number         0  stm32f1xx_hal_flash.o ABSOLUTE
    ..\Drivers\STM32F1xx_HAL_Driver\Src\stm32f1xx_hal_flash_ex.c 0x00000000   Number         0  stm32f1xx_hal_flash_ex.o ABSOLUTE
    ..\Drivers\STM32F1xx_HAL_Driver\Src\stm32f1xx_hal_gpio.c 0x00000000   Number         0  stm32f1xx_hal_gpio.o ABSOLUTE
    ..\Drivers\STM32F1xx_HAL_Driver\Src\stm32f1xx_hal_gpio_ex.c 0x00000000   Number         0  stm32f1xx_hal_gpio_ex.o ABSOLUTE
    ..\Drivers\STM32F1xx_HAL_Driver\Src\stm32f1xx_hal_i2c.c 0x00000000   Number         0  stm32f1xx_hal_i2c.o ABSOLUTE
    ..\Drivers\STM32F1xx_HAL_Driver\Src\stm32f1xx_hal_iwdg.c 0x00000000   Number         0  stm32f1xx_hal_iwdg.o ABSOLUTE
    ..\Drivers\STM32F1xx_HAL_Driver\Src\stm32f1xx_hal_pwr.c 0x00000000   Number         0  stm32f1xx_hal_pwr.o ABSOLUTE
    ..\Drivers\STM32F1xx_HAL_Driver\Src\stm32f1xx_hal_rcc.c 0x00000000   Number         0  stm32f1xx_hal_rcc.o ABSOLUTE
    ..\Drivers\STM32F1xx_HAL_Driver\Src\stm32f1xx_hal_rcc_ex.c 0x00000000   Number         0  stm32f1xx_hal_rcc_ex.o ABSOLUTE
    ..\Drivers\STM32F1xx_HAL_Driver\Src\stm32f1xx_hal_tim.c 0x00000000   Number         0  stm32f1xx_hal_tim.o ABSOLUTE
    ..\Drivers\STM32F1xx_HAL_Driver\Src\stm32f1xx_hal_tim_ex.c 0x00000000   Number         0  stm32f1xx_hal_tim_ex.o ABSOLUTE
    ..\Drivers\STM32F1xx_HAL_Driver\Src\stm32f1xx_hal_uart.c 0x00000000   Number         0  stm32f1xx_hal_uart.o ABSOLUTE
    ..\Src\Rs485.c                           0x00000000   Number         0  rs485.o ABSOLUTE
    ..\Src\main.c                            0x00000000   Number         0  main.o ABSOLUTE
    ..\Src\read_switch.c                     0x00000000   Number         0  read_switch.o ABSOLUTE
    ..\Src\stm32f1xx_hal_msp.c               0x00000000   Number         0  stm32f1xx_hal_msp.o ABSOLUTE
    ..\Src\stm32f1xx_it.c                    0x00000000   Number         0  stm32f1xx_it.o ABSOLUTE
    ..\\Src\\Rs485.c                         0x00000000   Number         0  rs485.o ABSOLUTE
    ..\\Src\\read_switch.c                   0x00000000   Number         0  read_switch.o ABSOLUTE
    ..\\Src\system_stm32f1xx.c               0x00000000   Number         0  system_stm32f1xx.o ABSOLUTE
    dc.s                                     0x00000000   Number         0  dc.o ABSOLUTE
    handlers.s                               0x00000000   Number         0  handlers.o ABSOLUTE
    init.s                                   0x00000000   Number         0  init.o ABSOLUTE
    startup_stm32f103xb.s                    0x00000000   Number         0  startup_stm32f103xb.o ABSOLUTE
    RESET                                    0x08000000   Section      236  startup_stm32f103xb.o(RESET)
    .ARM.Collect$$$$00000000                 0x080000ec   Section        0  entry.o(.ARM.Collect$$$$00000000)
    .ARM.Collect$$$$00000001                 0x080000ec   Section        4  entry2.o(.ARM.Collect$$$$00000001)
    .ARM.Collect$$$$00000004                 0x080000f0   Section        4  entry5.o(.ARM.Collect$$$$00000004)
    .ARM.Collect$$$$00000008                 0x080000f4   Section        0  entry7b.o(.ARM.Collect$$$$00000008)
    .ARM.Collect$$$$0000000A                 0x080000f4   Section        0  entry8b.o(.ARM.Collect$$$$0000000A)
    .ARM.Collect$$$$0000000B                 0x080000f4   Section        8  entry9a.o(.ARM.Collect$$$$0000000B)
    .ARM.Collect$$$$0000000D                 0x080000fc   Section        0  entry10a.o(.ARM.Collect$$$$0000000D)
    .ARM.Collect$$$$0000000F                 0x080000fc   Section        0  entry11a.o(.ARM.Collect$$$$0000000F)
    .ARM.Collect$$$$00002712                 0x080000fc   Section        4  entry2.o(.ARM.Collect$$$$00002712)
    __lit__00000000                          0x080000fc   Data           4  entry2.o(.ARM.Collect$$$$00002712)
    .text                                    0x08000100   Section       36  startup_stm32f103xb.o(.text)
    .text                                    0x08000124   Section       36  init.o(.text)
    i.ADC_ConversionStop_Disable             0x08000148   Section        0  stm32f1xx_hal_adc.o(i.ADC_ConversionStop_Disable)
    i.ADC_DMAConvCplt                        0x08000194   Section        0  stm32f1xx_hal_adc.o(i.ADC_DMAConvCplt)
    i.ADC_DMAError                           0x080001e2   Section        0  stm32f1xx_hal_adc.o(i.ADC_DMAError)
    i.ADC_DMAHalfConvCplt                    0x080001fc   Section        0  stm32f1xx_hal_adc.o(i.ADC_DMAHalfConvCplt)
    i.ADC_Enable                             0x08000208   Section        0  stm32f1xx_hal_adc.o(i.ADC_Enable)
    i.AddDeviceToText                        0x08000278   Section        0  rs485.o(i.AddDeviceToText)
    i.AddressBoard                           0x080002ac   Section        0  read_switch.o(i.AddressBoard)
    i.BusFault_Handler                       0x080002e8   Section        0  stm32f1xx_it.o(i.BusFault_Handler)
    i.ButtonSendToRs485                      0x080002ec   Section        0  rs485.o(i.ButtonSendToRs485)
    i.DMA1_Channel1_IRQHandler               0x080003a0   Section        0  stm32f1xx_it.o(i.DMA1_Channel1_IRQHandler)
    i.DMA_SetConfig                          0x080003ac   Section        0  stm32f1xx_hal_dma.o(i.DMA_SetConfig)
    DMA_SetConfig                            0x080003ad   Thumb Code    42  stm32f1xx_hal_dma.o(i.DMA_SetConfig)
    i.DebugMon_Handler                       0x080003d6   Section        0  stm32f1xx_it.o(i.DebugMon_Handler)
    i.GetAddressBinaryFromADCValue           0x080003d8   Section        0  read_switch.o(i.GetAddressBinaryFromADCValue)
    i.GetLocationMinValue                    0x080003ec   Section        0  read_switch.o(i.GetLocationMinValue)
    i.HAL_ADC_ConfigChannel                  0x0800041c   Section        0  stm32f1xx_hal_adc.o(i.HAL_ADC_ConfigChannel)
    i.HAL_ADC_ConvCpltCallback               0x08000518   Section        0  stm32f1xx_hal_adc.o(i.HAL_ADC_ConvCpltCallback)
    i.HAL_ADC_ConvHalfCpltCallback           0x0800051a   Section        0  stm32f1xx_hal_adc.o(i.HAL_ADC_ConvHalfCpltCallback)
    i.HAL_ADC_ErrorCallback                  0x0800051c   Section        0  stm32f1xx_hal_adc.o(i.HAL_ADC_ErrorCallback)
    i.HAL_ADC_Init                           0x08000520   Section        0  stm32f1xx_hal_adc.o(i.HAL_ADC_Init)
    i.HAL_ADC_MspInit                        0x0800063c   Section        0  stm32f1xx_hal_msp.o(i.HAL_ADC_MspInit)
    i.HAL_ADC_Start_DMA                      0x080006d0   Section        0  stm32f1xx_hal_adc.o(i.HAL_ADC_Start_DMA)
    i.HAL_CAN_Init                           0x080007dc   Section        0  stm32f1xx_hal_can.o(i.HAL_CAN_Init)
    i.HAL_CAN_MspInit                        0x08000908   Section        0  stm32f1xx_hal_msp.o(i.HAL_CAN_MspInit)
    i.HAL_DMA_Abort_IT                       0x08000960   Section        0  stm32f1xx_hal_dma.o(i.HAL_DMA_Abort_IT)
    i.HAL_DMA_IRQHandler                     0x080009f8   Section        0  stm32f1xx_hal_dma.o(i.HAL_DMA_IRQHandler)
    i.HAL_DMA_Init                           0x08000b4c   Section        0  stm32f1xx_hal_dma.o(i.HAL_DMA_Init)
    i.HAL_DMA_Start_IT                       0x08000bb0   Section        0  stm32f1xx_hal_dma.o(i.HAL_DMA_Start_IT)
    i.HAL_Delay                              0x08000c20   Section        0  stm32f1xx_hal.o(i.HAL_Delay)
    i.HAL_GPIO_Init                          0x08000c44   Section        0  stm32f1xx_hal_gpio.o(i.HAL_GPIO_Init)
    i.HAL_GPIO_ReadPin                       0x08000e00   Section        0  stm32f1xx_hal_gpio.o(i.HAL_GPIO_ReadPin)
    i.HAL_GPIO_WritePin                      0x08000e0a   Section        0  stm32f1xx_hal_gpio.o(i.HAL_GPIO_WritePin)
    i.HAL_GetTick                            0x08000e14   Section        0  stm32f1xx_hal.o(i.HAL_GetTick)
    i.HAL_I2C_Init                           0x08000e20   Section        0  stm32f1xx_hal_i2c.o(i.HAL_I2C_Init)
    i.HAL_I2C_MspInit                        0x08000f60   Section        0  stm32f1xx_hal_msp.o(i.HAL_I2C_MspInit)
    i.HAL_IWDG_Init                          0x08000fa4   Section        0  stm32f1xx_hal_iwdg.o(i.HAL_IWDG_Init)
    i.HAL_IncTick                            0x08000ff8   Section        0  stm32f1xx_hal.o(i.HAL_IncTick)
    i.HAL_Init                               0x08001008   Section        0  stm32f1xx_hal.o(i.HAL_Init)
    i.HAL_InitTick                           0x0800102c   Section        0  stm32f1xx_hal.o(i.HAL_InitTick)
    i.HAL_MspInit                            0x0800106c   Section        0  stm32f1xx_hal_msp.o(i.HAL_MspInit)
    i.HAL_NVIC_EnableIRQ                     0x080010fc   Section        0  stm32f1xx_hal_cortex.o(i.HAL_NVIC_EnableIRQ)
    i.HAL_NVIC_SetPriority                   0x08001114   Section        0  stm32f1xx_hal_cortex.o(i.HAL_NVIC_SetPriority)
    i.HAL_NVIC_SetPriorityGrouping           0x08001154   Section        0  stm32f1xx_hal_cortex.o(i.HAL_NVIC_SetPriorityGrouping)
    i.HAL_RCCEx_PeriphCLKConfig              0x08001178   Section        0  stm32f1xx_hal_rcc_ex.o(i.HAL_RCCEx_PeriphCLKConfig)
    i.HAL_RCC_ClockConfig                    0x08001264   Section        0  stm32f1xx_hal_rcc.o(i.HAL_RCC_ClockConfig)
    i.HAL_RCC_GetHCLKFreq                    0x080013b8   Section        0  stm32f1xx_hal_rcc.o(i.HAL_RCC_GetHCLKFreq)
    i.HAL_RCC_GetPCLK1Freq                   0x080013c4   Section        0  stm32f1xx_hal_rcc.o(i.HAL_RCC_GetPCLK1Freq)
    i.HAL_RCC_GetPCLK2Freq                   0x080013e4   Section        0  stm32f1xx_hal_rcc.o(i.HAL_RCC_GetPCLK2Freq)
    i.HAL_RCC_GetSysClockFreq                0x08001404   Section        0  stm32f1xx_hal_rcc.o(i.HAL_RCC_GetSysClockFreq)
    i.HAL_RCC_OscConfig                      0x08001470   Section        0  stm32f1xx_hal_rcc.o(i.HAL_RCC_OscConfig)
    i.HAL_SYSTICK_CLKSourceConfig            0x08001774   Section        0  stm32f1xx_hal_cortex.o(i.HAL_SYSTICK_CLKSourceConfig)
    i.HAL_SYSTICK_Callback                   0x0800178c   Section        0  stm32f1xx_hal_cortex.o(i.HAL_SYSTICK_Callback)
    i.HAL_SYSTICK_Config                     0x0800178e   Section        0  stm32f1xx_hal_cortex.o(i.HAL_SYSTICK_Config)
    i.HAL_SYSTICK_IRQHandler                 0x080017b6   Section        0  stm32f1xx_hal_cortex.o(i.HAL_SYSTICK_IRQHandler)
    i.HAL_UART_ErrorCallback                 0x080017be   Section        0  stm32f1xx_hal_uart.o(i.HAL_UART_ErrorCallback)
    i.HAL_UART_IRQHandler                    0x080017c0   Section        0  stm32f1xx_hal_uart.o(i.HAL_UART_IRQHandler)
    i.HAL_UART_Init                          0x080018d0   Section        0  stm32f1xx_hal_uart.o(i.HAL_UART_Init)
    i.HAL_UART_MspInit                       0x08001934   Section        0  stm32f1xx_hal_msp.o(i.HAL_UART_MspInit)
    i.HAL_UART_Receive_IT                    0x0800199c   Section        0  stm32f1xx_hal_uart.o(i.HAL_UART_Receive_IT)
    i.HAL_UART_RxCpltCallback                0x080019f0   Section        0  main.o(i.HAL_UART_RxCpltCallback)
    i.HAL_UART_Transmit                      0x08001a04   Section        0  stm32f1xx_hal_uart.o(i.HAL_UART_Transmit)
    i.HAL_UART_TxCpltCallback                0x08001abe   Section        0  stm32f1xx_hal_uart.o(i.HAL_UART_TxCpltCallback)
    i.HardFault_Handler                      0x08001ac0   Section        0  stm32f1xx_it.o(i.HardFault_Handler)
    i.LCD_Clear                              0x08001ac2   Section        0  main.o(i.LCD_Clear)
    i.LCD_Enable                             0x08001ad8   Section        0  main.o(i.LCD_Enable)
    i.LCD_Gotoxy                             0x08001b0c   Section        0  main.o(i.LCD_Gotoxy)
    i.LCD_Init                               0x08001b1c   Section        0  main.o(i.LCD_Init)
    i.LCD_PutChar                            0x08001b78   Section        0  main.o(i.LCD_PutChar)
    i.LCD_Puts                               0x08001ba0   Section        0  main.o(i.LCD_Puts)
    i.LCD_Send4Bit                           0x08001bb8   Section        0  main.o(i.LCD_Send4Bit)
    i.LCD_SendCommand                        0x08001bf8   Section        0  main.o(i.LCD_SendCommand)
    i.MX_ADC1_Init                           0x08001c14   Section        0  main.o(i.MX_ADC1_Init)
    MX_ADC1_Init                             0x08001c15   Thumb Code    84  main.o(i.MX_ADC1_Init)
    i.MX_CAN_Init                            0x08001c70   Section        0  main.o(i.MX_CAN_Init)
    MX_CAN_Init                              0x08001c71   Thumb Code    46  main.o(i.MX_CAN_Init)
    i.MX_GPIO_Init                           0x08001ca8   Section        0  main.o(i.MX_GPIO_Init)
    MX_GPIO_Init                             0x08001ca9   Thumb Code   232  main.o(i.MX_GPIO_Init)
    i.MX_I2C2_Init                           0x08001da0   Section        0  main.o(i.MX_I2C2_Init)
    MX_I2C2_Init                             0x08001da1   Thumb Code    44  main.o(i.MX_I2C2_Init)
    i.MemManage_Handler                      0x08001dd8   Section        0  stm32f1xx_it.o(i.MemManage_Handler)
    i.NMI_Handler                            0x08001dda   Section        0  stm32f1xx_it.o(i.NMI_Handler)
    i.NVIC_SetPriority                       0x08001ddc   Section        0  stm32f1xx_hal_cortex.o(i.NVIC_SetPriority)
    NVIC_SetPriority                         0x08001ddd   Thumb Code    32  stm32f1xx_hal_cortex.o(i.NVIC_SetPriority)
    i.PendSV_Handler                         0x08001dfc   Section        0  stm32f1xx_it.o(i.PendSV_Handler)
    i.ProcessBuffInWhileLoop                 0x08001e00   Section        0  rs485.o(i.ProcessBuffInWhileLoop)
    i.SVC_Handler                            0x08002060   Section        0  stm32f1xx_it.o(i.SVC_Handler)
    i.SysTick_Handler                        0x08002062   Section        0  stm32f1xx_it.o(i.SysTick_Handler)
    i.SystemClock_Config                     0x08002070   Section        0  main.o(i.SystemClock_Config)
    i.SystemInit                             0x080020f0   Section        0  system_stm32f1xx.o(i.SystemInit)
    i.UART_CallBack                          0x08002138   Section        0  rs485.o(i.UART_CallBack)
    i.UART_DMAAbortOnError                   0x08002228   Section        0  stm32f1xx_hal_uart.o(i.UART_DMAAbortOnError)
    UART_DMAAbortOnError                     0x08002229   Thumb Code    16  stm32f1xx_hal_uart.o(i.UART_DMAAbortOnError)
    i.UART_EndRxTransfer                     0x08002238   Section        0  stm32f1xx_hal_uart.o(i.UART_EndRxTransfer)
    UART_EndRxTransfer                       0x08002239   Thumb Code    28  stm32f1xx_hal_uart.o(i.UART_EndRxTransfer)
    i.UART_PutChar                           0x08002254   Section        0  rs485.o(i.UART_PutChar)
    i.UART_Puts                              0x08002268   Section        0  rs485.o(i.UART_Puts)
    i.UART_Receive_IT                        0x08002278   Section        0  stm32f1xx_hal_uart.o(i.UART_Receive_IT)
    UART_Receive_IT                          0x08002279   Thumb Code   150  stm32f1xx_hal_uart.o(i.UART_Receive_IT)
    i.UART_SetConfig                         0x08002310   Section        0  stm32f1xx_hal_uart.o(i.UART_SetConfig)
    UART_SetConfig                           0x08002311   Thumb Code   364  stm32f1xx_hal_uart.o(i.UART_SetConfig)
    i.UART_Transmit_IT                       0x08002480   Section        0  stm32f1xx_hal_uart.o(i.UART_Transmit_IT)
    UART_Transmit_IT                         0x08002481   Thumb Code    98  stm32f1xx_hal_uart.o(i.UART_Transmit_IT)
    i.UART_WaitOnFlagUntilTimeout            0x080024e2   Section        0  stm32f1xx_hal_uart.o(i.UART_WaitOnFlagUntilTimeout)
    UART_WaitOnFlagUntilTimeout              0x080024e3   Thumb Code   100  stm32f1xx_hal_uart.o(i.UART_WaitOnFlagUntilTimeout)
    i.USART1_IRQHandler                      0x08002548   Section        0  stm32f1xx_it.o(i.USART1_IRQHandler)
    i.UsageFault_Handler                     0x08002554   Section        0  stm32f1xx_it.o(i.UsageFault_Handler)
    i._Error_Handler                         0x08002556   Section        0  main.o(i._Error_Handler)
    i.__scatterload_copy                     0x08002558   Section       14  handlers.o(i.__scatterload_copy)
    i.__scatterload_null                     0x08002566   Section        2  handlers.o(i.__scatterload_null)
    i.__scatterload_zeroinit                 0x08002568   Section       14  handlers.o(i.__scatterload_zeroinit)
    i.main                                   0x08002578   Section        0  main.o(i.main)
    .constdata                               0x08002754   Section       16  system_stm32f1xx.o(.constdata)
    .constdata                               0x08002764   Section        8  system_stm32f1xx.o(.constdata)
    .data                                    0x20000000   Section       70  read_switch.o(.data)
    scan                                     0x20000000   Data           1  read_switch.o(.data)
    adc_value                                0x20000002   Data           4  read_switch.o(.data)
    .data                                    0x20000046   Section       10  rs485.o(.data)
    add_lsb                                  0x20000046   Data           1  rs485.o(.data)
    add_msb                                  0x20000047   Data           1  rs485.o(.data)
    .data                                    0x20000050   Section        6  main.o(.data)
    .data                                    0x20000058   Section       12  stm32f1xx_hal.o(.data)
    .data                                    0x20000064   Section        4  system_stm32f1xx.o(.data)
    .bss                                     0x20000068   Section      128  rs485.o(.bss)
    .bss                                     0x200000e8   Section      276  main.o(.bss)
    .bss                                     0x200001fc   Section       68  main.o(.bss)
    STACK                                    0x20000240   Section     1024  startup_stm32f103xb.o(STACK)

    Global Symbols

    Symbol Name                              Value     Ov Type        Size  Object(Section)

    BuildAttributes$$THM_ISAv4$P$D$K$B$S$PE$A:L22UL41UL21$X:L11$S22US41US21$IEEE1$IW$USESV6$~STKCKD$USESV7$~SHL$OSPACE$EBA8$MICROLIB$REQ8$PRES8$EABIv2 0x00000000   Number         0  anon$$obj.o ABSOLUTE
    __ARM_use_no_argv                        0x00000000   Number         0  main.o ABSOLUTE
    __cpp_initialize__aeabi_                  - Undefined Weak Reference
    __cxa_finalize                            - Undefined Weak Reference
    __decompress                              - Undefined Weak Reference
    _clock_init                               - Undefined Weak Reference
    _microlib_exit                            - Undefined Weak Reference
    __Vectors_Size                           0x000000ec   Number         0  startup_stm32f103xb.o ABSOLUTE
    __Vectors                                0x08000000   Data           4  startup_stm32f103xb.o(RESET)
    __Vectors_End                            0x080000ec   Data           0  startup_stm32f103xb.o(RESET)
    __main                                   0x080000ed   Thumb Code     0  entry.o(.ARM.Collect$$$$00000000)
    _main_stk                                0x080000ed   Thumb Code     0  entry2.o(.ARM.Collect$$$$00000001)
    _main_scatterload                        0x080000f1   Thumb Code     0  entry5.o(.ARM.Collect$$$$00000004)
    __main_after_scatterload                 0x080000f5   Thumb Code     0  entry5.o(.ARM.Collect$$$$00000004)
    _main_clock                              0x080000f5   Thumb Code     0  entry7b.o(.ARM.Collect$$$$00000008)
    _main_cpp_init                           0x080000f5   Thumb Code     0  entry8b.o(.ARM.Collect$$$$0000000A)
    _main_init                               0x080000f5   Thumb Code     0  entry9a.o(.ARM.Collect$$$$0000000B)
    __rt_final_cpp                           0x080000fd   Thumb Code     0  entry10a.o(.ARM.Collect$$$$0000000D)
    __rt_final_exit                          0x080000fd   Thumb Code     0  entry11a.o(.ARM.Collect$$$$0000000F)
    Reset_Handler                            0x08000101   Thumb Code     8  startup_stm32f103xb.o(.text)
    ADC1_2_IRQHandler                        0x0800011b   Thumb Code     0  startup_stm32f103xb.o(.text)
    CAN1_RX1_IRQHandler                      0x0800011b   Thumb Code     0  startup_stm32f103xb.o(.text)
    CAN1_SCE_IRQHandler                      0x0800011b   Thumb Code     0  startup_stm32f103xb.o(.text)
    DMA1_Channel2_IRQHandler                 0x0800011b   Thumb Code     0  startup_stm32f103xb.o(.text)
    DMA1_Channel3_IRQHandler                 0x0800011b   Thumb Code     0  startup_stm32f103xb.o(.text)
    DMA1_Channel4_IRQHandler                 0x0800011b   Thumb Code     0  startup_stm32f103xb.o(.text)
    DMA1_Channel5_IRQHandler                 0x0800011b   Thumb Code     0  startup_stm32f103xb.o(.text)
    DMA1_Channel6_IRQHandler                 0x0800011b   Thumb Code     0  startup_stm32f103xb.o(.text)
    DMA1_Channel7_IRQHandler                 0x0800011b   Thumb Code     0  startup_stm32f103xb.o(.text)
    EXTI0_IRQHandler                         0x0800011b   Thumb Code     0  startup_stm32f103xb.o(.text)
    EXTI15_10_IRQHandler                     0x0800011b   Thumb Code     0  startup_stm32f103xb.o(.text)
    EXTI1_IRQHandler                         0x0800011b   Thumb Code     0  startup_stm32f103xb.o(.text)
    EXTI2_IRQHandler                         0x0800011b   Thumb Code     0  startup_stm32f103xb.o(.text)
    EXTI3_IRQHandler                         0x0800011b   Thumb Code     0  startup_stm32f103xb.o(.text)
    EXTI4_IRQHandler                         0x0800011b   Thumb Code     0  startup_stm32f103xb.o(.text)
    EXTI9_5_IRQHandler                       0x0800011b   Thumb Code     0  startup_stm32f103xb.o(.text)
    FLASH_IRQHandler                         0x0800011b   Thumb Code     0  startup_stm32f103xb.o(.text)
    I2C1_ER_IRQHandler                       0x0800011b   Thumb Code     0  startup_stm32f103xb.o(.text)
    I2C1_EV_IRQHandler                       0x0800011b   Thumb Code     0  startup_stm32f103xb.o(.text)
    I2C2_ER_IRQHandler                       0x0800011b   Thumb Code     0  startup_stm32f103xb.o(.text)
    I2C2_EV_IRQHandler                       0x0800011b   Thumb Code     0  startup_stm32f103xb.o(.text)
    PVD_IRQHandler                           0x0800011b   Thumb Code     0  startup_stm32f103xb.o(.text)
    RCC_IRQHandler                           0x0800011b   Thumb Code     0  startup_stm32f103xb.o(.text)
    RTC_Alarm_IRQHandler                     0x0800011b   Thumb Code     0  startup_stm32f103xb.o(.text)
    RTC_IRQHandler                           0x0800011b   Thumb Code     0  startup_stm32f103xb.o(.text)
    SPI1_IRQHandler                          0x0800011b   Thumb Code     0  startup_stm32f103xb.o(.text)
    SPI2_IRQHandler                          0x0800011b   Thumb Code     0  startup_stm32f103xb.o(.text)
    TAMPER_IRQHandler                        0x0800011b   Thumb Code     0  startup_stm32f103xb.o(.text)
    TIM1_BRK_IRQHandler                      0x0800011b   Thumb Code     0  startup_stm32f103xb.o(.text)
    TIM1_CC_IRQHandler                       0x0800011b   Thumb Code     0  startup_stm32f103xb.o(.text)
    TIM1_TRG_COM_IRQHandler                  0x0800011b   Thumb Code     0  startup_stm32f103xb.o(.text)
    TIM1_UP_IRQHandler                       0x0800011b   Thumb Code     0  startup_stm32f103xb.o(.text)
    TIM2_IRQHandler                          0x0800011b   Thumb Code     0  startup_stm32f103xb.o(.text)
    TIM3_IRQHandler                          0x0800011b   Thumb Code     0  startup_stm32f103xb.o(.text)
    TIM4_IRQHandler                          0x0800011b   Thumb Code     0  startup_stm32f103xb.o(.text)
    USART2_IRQHandler                        0x0800011b   Thumb Code     0  startup_stm32f103xb.o(.text)
    USART3_IRQHandler                        0x0800011b   Thumb Code     0  startup_stm32f103xb.o(.text)
    USBWakeUp_IRQHandler                     0x0800011b   Thumb Code     0  startup_stm32f103xb.o(.text)
    USB_HP_CAN1_TX_IRQHandler                0x0800011b   Thumb Code     0  startup_stm32f103xb.o(.text)
    USB_LP_CAN1_RX0_IRQHandler               0x0800011b   Thumb Code     0  startup_stm32f103xb.o(.text)
    WWDG_IRQHandler                          0x0800011b   Thumb Code     0  startup_stm32f103xb.o(.text)
    __scatterload                            0x08000125   Thumb Code    28  init.o(.text)
    __scatterload_rt2                        0x08000125   Thumb Code     0  init.o(.text)
    ADC_ConversionStop_Disable               0x08000149   Thumb Code    76  stm32f1xx_hal_adc.o(i.ADC_ConversionStop_Disable)
    ADC_DMAConvCplt                          0x08000195   Thumb Code    78  stm32f1xx_hal_adc.o(i.ADC_DMAConvCplt)
    ADC_DMAError                             0x080001e3   Thumb Code    26  stm32f1xx_hal_adc.o(i.ADC_DMAError)
    ADC_DMAHalfConvCplt                      0x080001fd   Thumb Code    10  stm32f1xx_hal_adc.o(i.ADC_DMAHalfConvCplt)
    ADC_Enable                               0x08000209   Thumb Code   104  stm32f1xx_hal_adc.o(i.ADC_Enable)
    AddDeviceToText                          0x08000279   Thumb Code    48  rs485.o(i.AddDeviceToText)
    AddressBoard                             0x080002ad   Thumb Code    52  read_switch.o(i.AddressBoard)
    BusFault_Handler                         0x080002e9   Thumb Code     2  stm32f1xx_it.o(i.BusFault_Handler)
    ButtonSendToRs485                        0x080002ed   Thumb Code   150  rs485.o(i.ButtonSendToRs485)
    DMA1_Channel1_IRQHandler                 0x080003a1   Thumb Code     6  stm32f1xx_it.o(i.DMA1_Channel1_IRQHandler)
    DebugMon_Handler                         0x080003d7   Thumb Code     2  stm32f1xx_it.o(i.DebugMon_Handler)
    GetAddressBinaryFromADCValue             0x080003d9   Thumb Code    16  read_switch.o(i.GetAddressBinaryFromADCValue)
    GetLocationMinValue                      0x080003ed   Thumb Code    42  read_switch.o(i.GetLocationMinValue)
    HAL_ADC_ConfigChannel                    0x0800041d   Thumb Code   240  stm32f1xx_hal_adc.o(i.HAL_ADC_ConfigChannel)
    HAL_ADC_ConvCpltCallback                 0x08000519   Thumb Code     2  stm32f1xx_hal_adc.o(i.HAL_ADC_ConvCpltCallback)
    HAL_ADC_ConvHalfCpltCallback             0x0800051b   Thumb Code     2  stm32f1xx_hal_adc.o(i.HAL_ADC_ConvHalfCpltCallback)
    HAL_ADC_ErrorCallback                    0x0800051d   Thumb Code     2  stm32f1xx_hal_adc.o(i.HAL_ADC_ErrorCallback)
    HAL_ADC_Init                             0x08000521   Thumb Code   272  stm32f1xx_hal_adc.o(i.HAL_ADC_Init)
    HAL_ADC_MspInit                          0x0800063d   Thumb Code   100  stm32f1xx_hal_msp.o(i.HAL_ADC_MspInit)
    HAL_ADC_Start_DMA                        0x080006d1   Thumb Code   246  stm32f1xx_hal_adc.o(i.HAL_ADC_Start_DMA)
    HAL_CAN_Init                             0x080007dd   Thumb Code   300  stm32f1xx_hal_can.o(i.HAL_CAN_Init)
    HAL_CAN_MspInit                          0x08000909   Thumb Code    76  stm32f1xx_hal_msp.o(i.HAL_CAN_MspInit)
    HAL_DMA_Abort_IT                         0x08000961   Thumb Code   148  stm32f1xx_hal_dma.o(i.HAL_DMA_Abort_IT)
    HAL_DMA_IRQHandler                       0x080009f9   Thumb Code   316  stm32f1xx_hal_dma.o(i.HAL_DMA_IRQHandler)
    HAL_DMA_Init                             0x08000b4d   Thumb Code    92  stm32f1xx_hal_dma.o(i.HAL_DMA_Init)
    HAL_DMA_Start_IT                         0x08000bb1   Thumb Code   112  stm32f1xx_hal_dma.o(i.HAL_DMA_Start_IT)
    HAL_Delay                                0x08000c21   Thumb Code    32  stm32f1xx_hal.o(i.HAL_Delay)
    HAL_GPIO_Init                            0x08000c45   Thumb Code   408  stm32f1xx_hal_gpio.o(i.HAL_GPIO_Init)
    HAL_GPIO_ReadPin                         0x08000e01   Thumb Code    10  stm32f1xx_hal_gpio.o(i.HAL_GPIO_ReadPin)
    HAL_GPIO_WritePin                        0x08000e0b   Thumb Code    10  stm32f1xx_hal_gpio.o(i.HAL_GPIO_WritePin)
    HAL_GetTick                              0x08000e15   Thumb Code     6  stm32f1xx_hal.o(i.HAL_GetTick)
    HAL_I2C_Init                             0x08000e21   Thumb Code   302  stm32f1xx_hal_i2c.o(i.HAL_I2C_Init)
    HAL_I2C_MspInit                          0x08000f61   Thumb Code    56  stm32f1xx_hal_msp.o(i.HAL_I2C_MspInit)
    HAL_IWDG_Init                            0x08000fa5   Thumb Code    82  stm32f1xx_hal_iwdg.o(i.HAL_IWDG_Init)
    HAL_IncTick                              0x08000ff9   Thumb Code    12  stm32f1xx_hal.o(i.HAL_IncTick)
    HAL_Init                                 0x08001009   Thumb Code    32  stm32f1xx_hal.o(i.HAL_Init)
    HAL_InitTick                             0x0800102d   Thumb Code    54  stm32f1xx_hal.o(i.HAL_InitTick)
    HAL_MspInit                              0x0800106d   Thumb Code   134  stm32f1xx_hal_msp.o(i.HAL_MspInit)
    HAL_NVIC_EnableIRQ                       0x080010fd   Thumb Code    22  stm32f1xx_hal_cortex.o(i.HAL_NVIC_EnableIRQ)
    HAL_NVIC_SetPriority                     0x08001115   Thumb Code    60  stm32f1xx_hal_cortex.o(i.HAL_NVIC_SetPriority)
    HAL_NVIC_SetPriorityGrouping             0x08001155   Thumb Code    26  stm32f1xx_hal_cortex.o(i.HAL_NVIC_SetPriorityGrouping)
    HAL_RCCEx_PeriphCLKConfig                0x08001179   Thumb Code   224  stm32f1xx_hal_rcc_ex.o(i.HAL_RCCEx_PeriphCLKConfig)
    HAL_RCC_ClockConfig                      0x08001265   Thumb Code   322  stm32f1xx_hal_rcc.o(i.HAL_RCC_ClockConfig)
    HAL_RCC_GetHCLKFreq                      0x080013b9   Thumb Code     6  stm32f1xx_hal_rcc.o(i.HAL_RCC_GetHCLKFreq)
    HAL_RCC_GetPCLK1Freq                     0x080013c5   Thumb Code    20  stm32f1xx_hal_rcc.o(i.HAL_RCC_GetPCLK1Freq)
    HAL_RCC_GetPCLK2Freq                     0x080013e5   Thumb Code    20  stm32f1xx_hal_rcc.o(i.HAL_RCC_GetPCLK2Freq)
    HAL_RCC_GetSysClockFreq                  0x08001405   Thumb Code    74  stm32f1xx_hal_rcc.o(i.HAL_RCC_GetSysClockFreq)
    HAL_RCC_OscConfig                        0x08001471   Thumb Code   750  stm32f1xx_hal_rcc.o(i.HAL_RCC_OscConfig)
    HAL_SYSTICK_CLKSourceConfig              0x08001775   Thumb Code    24  stm32f1xx_hal_cortex.o(i.HAL_SYSTICK_CLKSourceConfig)
    HAL_SYSTICK_Callback                     0x0800178d   Thumb Code     2  stm32f1xx_hal_cortex.o(i.HAL_SYSTICK_Callback)
    HAL_SYSTICK_Config                       0x0800178f   Thumb Code    40  stm32f1xx_hal_cortex.o(i.HAL_SYSTICK_Config)
    HAL_SYSTICK_IRQHandler                   0x080017b7   Thumb Code     8  stm32f1xx_hal_cortex.o(i.HAL_SYSTICK_IRQHandler)
    HAL_UART_ErrorCallback                   0x080017bf   Thumb Code     2  stm32f1xx_hal_uart.o(i.HAL_UART_ErrorCallback)
    HAL_UART_IRQHandler                      0x080017c1   Thumb Code   266  stm32f1xx_hal_uart.o(i.HAL_UART_IRQHandler)
    HAL_UART_Init                            0x080018d1   Thumb Code    98  stm32f1xx_hal_uart.o(i.HAL_UART_Init)
    HAL_UART_MspInit                         0x08001935   Thumb Code    92  stm32f1xx_hal_msp.o(i.HAL_UART_MspInit)
    HAL_UART_Receive_IT                      0x0800199d   Thumb Code    82  stm32f1xx_hal_uart.o(i.HAL_UART_Receive_IT)
    HAL_UART_RxCpltCallback                  0x080019f1   Thumb Code    16  main.o(i.HAL_UART_RxCpltCallback)
    HAL_UART_Transmit                        0x08001a05   Thumb Code   186  stm32f1xx_hal_uart.o(i.HAL_UART_Transmit)
    HAL_UART_TxCpltCallback                  0x08001abf   Thumb Code     2  stm32f1xx_hal_uart.o(i.HAL_UART_TxCpltCallback)
    HardFault_Handler                        0x08001ac1   Thumb Code     2  stm32f1xx_it.o(i.HardFault_Handler)
    LCD_Clear                                0x08001ac3   Thumb Code    22  main.o(i.LCD_Clear)
    LCD_Enable                               0x08001ad9   Thumb Code    46  main.o(i.LCD_Enable)
    LCD_Gotoxy                               0x08001b0d   Thumb Code    14  main.o(i.LCD_Gotoxy)
    LCD_Init                                 0x08001b1d   Thumb Code    86  main.o(i.LCD_Init)
    LCD_PutChar                              0x08001b79   Thumb Code    36  main.o(i.LCD_PutChar)
    LCD_Puts                                 0x08001ba1   Thumb Code    22  main.o(i.LCD_Puts)
    LCD_Send4Bit                             0x08001bb9   Thumb Code    58  main.o(i.LCD_Send4Bit)
    LCD_SendCommand                          0x08001bf9   Thumb Code    28  main.o(i.LCD_SendCommand)
    MemManage_Handler                        0x08001dd9   Thumb Code     2  stm32f1xx_it.o(i.MemManage_Handler)
    NMI_Handler                              0x08001ddb   Thumb Code     2  stm32f1xx_it.o(i.NMI_Handler)
    PendSV_Handler                           0x08001dfd   Thumb Code     2  stm32f1xx_it.o(i.PendSV_Handler)
    ProcessBuffInWhileLoop                   0x08001e01   Thumb Code   564  rs485.o(i.ProcessBuffInWhileLoop)
    SVC_Handler                              0x08002061   Thumb Code     2  stm32f1xx_it.o(i.SVC_Handler)
    SysTick_Handler                          0x08002063   Thumb Code    14  stm32f1xx_it.o(i.SysTick_Handler)
    SystemClock_Config                       0x08002071   Thumb Code   128  main.o(i.SystemClock_Config)
    SystemInit                               0x080020f1   Thumb Code    56  system_stm32f1xx.o(i.SystemInit)
    UART_CallBack                            0x08002139   Thumb Code   220  rs485.o(i.UART_CallBack)
    UART_PutChar                             0x08002255   Thumb Code    16  rs485.o(i.UART_PutChar)
    UART_Puts                                0x08002269   Thumb Code    12  rs485.o(i.UART_Puts)
    USART1_IRQHandler                        0x08002549   Thumb Code     6  stm32f1xx_it.o(i.USART1_IRQHandler)
    UsageFault_Handler                       0x08002555   Thumb Code     2  stm32f1xx_it.o(i.UsageFault_Handler)
    _Error_Handler                           0x08002557   Thumb Code     2  main.o(i._Error_Handler)
    __scatterload_copy                       0x08002559   Thumb Code    14  handlers.o(i.__scatterload_copy)
    __scatterload_null                       0x08002567   Thumb Code     2  handlers.o(i.__scatterload_null)
    __scatterload_zeroinit                   0x08002569   Thumb Code    14  handlers.o(i.__scatterload_zeroinit)
    main                                     0x08002579   Thumb Code   388  main.o(i.main)
    AHBPrescTable                            0x08002754   Data          16  system_stm32f1xx.o(.constdata)
    APBPrescTable                            0x08002764   Data           8  system_stm32f1xx.o(.constdata)
    Region$$Table$$Base                      0x0800276c   Number         0  anon$$obj.o(Region$$Table)
    Region$$Table$$Limit                     0x0800278c   Number         0  anon$$obj.o(Region$$Table)
    encoder_table                            0x20000006   Data          64  read_switch.o(.data)
    UartState                                0x20000048   Data           1  rs485.o(.data)
    is_device                                0x20000049   Data           1  rs485.o(.data)
    data_correct                             0x2000004a   Data           1  rs485.o(.data)
    UartData                                 0x2000004b   Data           1  rs485.o(.data)
    AddSendPack                              0x2000004c   Data           1  rs485.o(.data)
    data_index                               0x2000004d   Data           1  rs485.o(.data)
    DataLength                               0x2000004e   Data           2  rs485.o(.data)
    ADD_MASTER                               0x20000050   Data           1  main.o(.data)
    rx_data                                  0x20000051   Data           1  main.o(.data)
    AddDevice                                0x20000052   Data           1  main.o(.data)
    count_check_adc                          0x20000054   Data           2  main.o(.data)
    uwTickFreq                               0x20000058   Data           1  stm32f1xx_hal.o(.data)
    uwTickPrio                               0x2000005c   Data           4  stm32f1xx_hal.o(.data)
    uwTick                                   0x20000060   Data           4  stm32f1xx_hal.o(.data)
    SystemCoreClock                          0x20000064   Data           4  system_stm32f1xx.o(.data)
    DataBuff                                 0x20000068   Data         128  rs485.o(.bss)
    hadc1                                    0x200000e8   Data          48  main.o(.bss)
    hcan                                     0x20000118   Data          68  main.o(.bss)
    hi2c2                                    0x2000015c   Data          84  main.o(.bss)
    hiwdg                                    0x200001b0   Data          12  main.o(.bss)
    huart1                                   0x200001bc   Data          64  main.o(.bss)
    hdma_adc1                                0x200001fc   Data          68  main.o(.bss)
    __initial_sp                             0x20000640   Data           0  startup_stm32f103xb.o(STACK)



==============================================================================

Memory Map of the image

  Image Entry point : 0x080000ed

  Load Region LR_IROM1 (Base: 0x08000000, Size: 0x000027f4, Max: 0x00010000, ABSOLUTE)

    Execution Region ER_IROM1 (Exec base: 0x08000000, Load base: 0x08000000, Size: 0x0000278c, Max: 0x00010000, ABSOLUTE)

    Exec Addr    Load Addr    Size         Type   Attr      Idx    E Section Name        Object

    0x08000000   0x08000000   0x000000ec   Data   RO            3    RESET               startup_stm32f103xb.o
    0x080000ec   0x080000ec   0x00000000   Code   RO         2651  * .ARM.Collect$$$$00000000  mc_w.l(entry.o)
    0x080000ec   0x080000ec   0x00000004   Code   RO         2656    .ARM.Collect$$$$00000001  mc_w.l(entry2.o)
    0x080000f0   0x080000f0   0x00000004   Code   RO         2659    .ARM.Collect$$$$00000004  mc_w.l(entry5.o)
    0x080000f4   0x080000f4   0x00000000   Code   RO         2661    .ARM.Collect$$$$00000008  mc_w.l(entry7b.o)
    0x080000f4   0x080000f4   0x00000000   Code   RO         2663    .ARM.Collect$$$$0000000A  mc_w.l(entry8b.o)
    0x080000f4   0x080000f4   0x00000008   Code   RO         2664    .ARM.Collect$$$$0000000B  mc_w.l(entry9a.o)
    0x080000fc   0x080000fc   0x00000000   Code   RO         2666    .ARM.Collect$$$$0000000D  mc_w.l(entry10a.o)
    0x080000fc   0x080000fc   0x00000000   Code   RO         2668    .ARM.Collect$$$$0000000F  mc_w.l(entry11a.o)
    0x080000fc   0x080000fc   0x00000004   Code   RO         2657    .ARM.Collect$$$$00002712  mc_w.l(entry2.o)
    0x08000100   0x08000100   0x00000024   Code   RO            4    .text               startup_stm32f103xb.o
    0x08000124   0x08000124   0x00000024   Code   RO         2670    .text               mc_w.l(init.o)
    0x08000148   0x08000148   0x0000004c   Code   RO          537    i.ADC_ConversionStop_Disable  stm32f1xx_hal_adc.o
    0x08000194   0x08000194   0x0000004e   Code   RO          538    i.ADC_DMAConvCplt   stm32f1xx_hal_adc.o
    0x080001e2   0x080001e2   0x0000001a   Code   RO          539    i.ADC_DMAError      stm32f1xx_hal_adc.o
    0x080001fc   0x080001fc   0x0000000a   Code   RO          540    i.ADC_DMAHalfConvCplt  stm32f1xx_hal_adc.o
    0x08000206   0x08000206   0x00000002   PAD
    0x08000208   0x08000208   0x00000070   Code   RO          541    i.ADC_Enable        stm32f1xx_hal_adc.o
    0x08000278   0x08000278   0x00000034   Code   RO          151    i.AddDeviceToText   rs485.o
    0x080002ac   0x080002ac   0x0000003c   Code   RO           13    i.AddressBoard      read_switch.o
    0x080002e8   0x080002e8   0x00000002   Code   RO          340    i.BusFault_Handler  stm32f1xx_it.o
    0x080002ea   0x080002ea   0x00000002   PAD
    0x080002ec   0x080002ec   0x000000b4   Code   RO          152    i.ButtonSendToRs485  rs485.o
    0x080003a0   0x080003a0   0x0000000c   Code   RO          341    i.DMA1_Channel1_IRQHandler  stm32f1xx_it.o
    0x080003ac   0x080003ac   0x0000002a   Code   RO         2091    i.DMA_SetConfig     stm32f1xx_hal_dma.o
    0x080003d6   0x080003d6   0x00000002   Code   RO          342    i.DebugMon_Handler  stm32f1xx_it.o
    0x080003d8   0x080003d8   0x00000014   Code   RO           14    i.GetAddressBinaryFromADCValue  read_switch.o
    0x080003ec   0x080003ec   0x00000030   Code   RO           15    i.GetLocationMinValue  read_switch.o
    0x0800041c   0x0800041c   0x000000fc   Code   RO          543    i.HAL_ADC_ConfigChannel  stm32f1xx_hal_adc.o
    0x08000518   0x08000518   0x00000002   Code   RO          544    i.HAL_ADC_ConvCpltCallback  stm32f1xx_hal_adc.o
    0x0800051a   0x0800051a   0x00000002   Code   RO          545    i.HAL_ADC_ConvHalfCpltCallback  stm32f1xx_hal_adc.o
    0x0800051c   0x0800051c   0x00000002   Code   RO          547    i.HAL_ADC_ErrorCallback  stm32f1xx_hal_adc.o
    0x0800051e   0x0800051e   0x00000002   PAD
    0x08000520   0x08000520   0x0000011c   Code   RO          552    i.HAL_ADC_Init      stm32f1xx_hal_adc.o
    0x0800063c   0x0800063c   0x00000094   Code   RO          429    i.HAL_ADC_MspInit   stm32f1xx_hal_msp.o
    0x080006d0   0x080006d0   0x0000010c   Code   RO          559    i.HAL_ADC_Start_DMA  stm32f1xx_hal_adc.o
    0x080007dc   0x080007dc   0x0000012c   Code   RO          820    i.HAL_CAN_Init      stm32f1xx_hal_can.o
    0x08000908   0x08000908   0x00000058   Code   RO          431    i.HAL_CAN_MspInit   stm32f1xx_hal_msp.o
    0x08000960   0x08000960   0x00000098   Code   RO         2093    i.HAL_DMA_Abort_IT  stm32f1xx_hal_dma.o
    0x080009f8   0x080009f8   0x00000154   Code   RO         2097    i.HAL_DMA_IRQHandler  stm32f1xx_hal_dma.o
    0x08000b4c   0x08000b4c   0x00000064   Code   RO         2098    i.HAL_DMA_Init      stm32f1xx_hal_dma.o
    0x08000bb0   0x08000bb0   0x00000070   Code   RO         2102    i.HAL_DMA_Start_IT  stm32f1xx_hal_dma.o
    0x08000c20   0x08000c20   0x00000024   Code   RO         1735    i.HAL_Delay         stm32f1xx_hal.o
    0x08000c44   0x08000c44   0x000001bc   Code   RO         2028    i.HAL_GPIO_Init     stm32f1xx_hal_gpio.o
    0x08000e00   0x08000e00   0x0000000a   Code   RO         2030    i.HAL_GPIO_ReadPin  stm32f1xx_hal_gpio.o
    0x08000e0a   0x08000e0a   0x0000000a   Code   RO         2032    i.HAL_GPIO_WritePin  stm32f1xx_hal_gpio.o
    0x08000e14   0x08000e14   0x0000000c   Code   RO         1739    i.HAL_GetTick       stm32f1xx_hal.o
    0x08000e20   0x08000e20   0x00000140   Code   RO          949    i.HAL_I2C_Init      stm32f1xx_hal_i2c.o
    0x08000f60   0x08000f60   0x00000044   Code   RO          433    i.HAL_I2C_MspInit   stm32f1xx_hal_msp.o
    0x08000fa4   0x08000fa4   0x00000052   Code   RO         1336    i.HAL_IWDG_Init     stm32f1xx_hal_iwdg.o
    0x08000ff6   0x08000ff6   0x00000002   PAD
    0x08000ff8   0x08000ff8   0x00000010   Code   RO         1743    i.HAL_IncTick       stm32f1xx_hal.o
    0x08001008   0x08001008   0x00000024   Code   RO         1744    i.HAL_Init          stm32f1xx_hal.o
    0x0800102c   0x0800102c   0x00000040   Code   RO         1745    i.HAL_InitTick      stm32f1xx_hal.o
    0x0800106c   0x0800106c   0x00000090   Code   RO          434    i.HAL_MspInit       stm32f1xx_hal_msp.o
    0x080010fc   0x080010fc   0x00000016   Code   RO         2188    i.HAL_NVIC_EnableIRQ  stm32f1xx_hal_cortex.o
    0x08001112   0x08001112   0x00000002   PAD
    0x08001114   0x08001114   0x00000040   Code   RO         2194    i.HAL_NVIC_SetPriority  stm32f1xx_hal_cortex.o
    0x08001154   0x08001154   0x00000024   Code   RO         2195    i.HAL_NVIC_SetPriorityGrouping  stm32f1xx_hal_cortex.o
    0x08001178   0x08001178   0x000000ec   Code   RO         1991    i.HAL_RCCEx_PeriphCLKConfig  stm32f1xx_hal_rcc_ex.o
    0x08001264   0x08001264   0x00000154   Code   RO         1888    i.HAL_RCC_ClockConfig  stm32f1xx_hal_rcc.o
    0x080013b8   0x080013b8   0x0000000c   Code   RO         1893    i.HAL_RCC_GetHCLKFreq  stm32f1xx_hal_rcc.o
    0x080013c4   0x080013c4   0x00000020   Code   RO         1895    i.HAL_RCC_GetPCLK1Freq  stm32f1xx_hal_rcc.o
    0x080013e4   0x080013e4   0x00000020   Code   RO         1896    i.HAL_RCC_GetPCLK2Freq  stm32f1xx_hal_rcc.o
    0x08001404   0x08001404   0x0000006c   Code   RO         1897    i.HAL_RCC_GetSysClockFreq  stm32f1xx_hal_rcc.o
    0x08001470   0x08001470   0x00000304   Code   RO         1900    i.HAL_RCC_OscConfig  stm32f1xx_hal_rcc.o
    0x08001774   0x08001774   0x00000018   Code   RO         2197    i.HAL_SYSTICK_CLKSourceConfig  stm32f1xx_hal_cortex.o
    0x0800178c   0x0800178c   0x00000002   Code   RO         2198    i.HAL_SYSTICK_Callback  stm32f1xx_hal_cortex.o
    0x0800178e   0x0800178e   0x00000028   Code   RO         2199    i.HAL_SYSTICK_Config  stm32f1xx_hal_cortex.o
    0x080017b6   0x080017b6   0x00000008   Code   RO         2200    i.HAL_SYSTICK_IRQHandler  stm32f1xx_hal_cortex.o
    0x080017be   0x080017be   0x00000002   Code   RO         1423    i.HAL_UART_ErrorCallback  stm32f1xx_hal_uart.o
    0x080017c0   0x080017c0   0x00000110   Code   RO         1426    i.HAL_UART_IRQHandler  stm32f1xx_hal_uart.o
    0x080018d0   0x080018d0   0x00000062   Code   RO         1427    i.HAL_UART_Init     stm32f1xx_hal_uart.o
    0x08001932   0x08001932   0x00000002   PAD
    0x08001934   0x08001934   0x00000068   Code   RO          436    i.HAL_UART_MspInit  stm32f1xx_hal_msp.o
    0x0800199c   0x0800199c   0x00000052   Code   RO         1432    i.HAL_UART_Receive_IT  stm32f1xx_hal_uart.o
    0x080019ee   0x080019ee   0x00000002   PAD
    0x080019f0   0x080019f0   0x00000014   Code   RO          219    i.HAL_UART_RxCpltCallback  main.o
    0x08001a04   0x08001a04   0x000000ba   Code   RO         1435    i.HAL_UART_Transmit  stm32f1xx_hal_uart.o
    0x08001abe   0x08001abe   0x00000002   Code   RO         1438    i.HAL_UART_TxCpltCallback  stm32f1xx_hal_uart.o
    0x08001ac0   0x08001ac0   0x00000002   Code   RO          343    i.HardFault_Handler  stm32f1xx_it.o
    0x08001ac2   0x08001ac2   0x00000016   Code   RO          220    i.LCD_Clear         main.o
    0x08001ad8   0x08001ad8   0x00000034   Code   RO          221    i.LCD_Enable        main.o
    0x08001b0c   0x08001b0c   0x0000000e   Code   RO          222    i.LCD_Gotoxy        main.o
    0x08001b1a   0x08001b1a   0x00000002   PAD
    0x08001b1c   0x08001b1c   0x0000005c   Code   RO          223    i.LCD_Init          main.o
    0x08001b78   0x08001b78   0x00000028   Code   RO          224    i.LCD_PutChar       main.o
    0x08001ba0   0x08001ba0   0x00000016   Code   RO          225    i.LCD_Puts          main.o
    0x08001bb6   0x08001bb6   0x00000002   PAD
    0x08001bb8   0x08001bb8   0x00000040   Code   RO          226    i.LCD_Send4Bit      main.o
    0x08001bf8   0x08001bf8   0x0000001c   Code   RO          227    i.LCD_SendCommand   main.o
    0x08001c14   0x08001c14   0x0000005c   Code   RO          228    i.MX_ADC1_Init      main.o
    0x08001c70   0x08001c70   0x00000038   Code   RO          229    i.MX_CAN_Init       main.o
    0x08001ca8   0x08001ca8   0x000000f8   Code   RO          230    i.MX_GPIO_Init      main.o
    0x08001da0   0x08001da0   0x00000038   Code   RO          231    i.MX_I2C2_Init      main.o
    0x08001dd8   0x08001dd8   0x00000002   Code   RO          344    i.MemManage_Handler  stm32f1xx_it.o
    0x08001dda   0x08001dda   0x00000002   Code   RO          345    i.NMI_Handler       stm32f1xx_it.o
    0x08001ddc   0x08001ddc   0x00000020   Code   RO         2201    i.NVIC_SetPriority  stm32f1xx_hal_cortex.o
    0x08001dfc   0x08001dfc   0x00000002   Code   RO          346    i.PendSV_Handler    stm32f1xx_it.o
    0x08001dfe   0x08001dfe   0x00000002   PAD
    0x08001e00   0x08001e00   0x00000260   Code   RO          153    i.ProcessBuffInWhileLoop  rs485.o
    0x08002060   0x08002060   0x00000002   Code   RO          347    i.SVC_Handler       stm32f1xx_it.o
    0x08002062   0x08002062   0x0000000e   Code   RO          348    i.SysTick_Handler   stm32f1xx_it.o
    0x08002070   0x08002070   0x00000080   Code   RO          232    i.SystemClock_Config  main.o
    0x080020f0   0x080020f0   0x00000048   Code   RO         2617    i.SystemInit        system_stm32f1xx.o
    0x08002138   0x08002138   0x000000f0   Code   RO          155    i.UART_CallBack     rs485.o
    0x08002228   0x08002228   0x00000010   Code   RO         1440    i.UART_DMAAbortOnError  stm32f1xx_hal_uart.o
    0x08002238   0x08002238   0x0000001c   Code   RO         1450    i.UART_EndRxTransfer  stm32f1xx_hal_uart.o
    0x08002254   0x08002254   0x00000014   Code   RO          156    i.UART_PutChar      rs485.o
    0x08002268   0x08002268   0x00000010   Code   RO          157    i.UART_Puts         rs485.o
    0x08002278   0x08002278   0x00000096   Code   RO         1452    i.UART_Receive_IT   stm32f1xx_hal_uart.o
    0x0800230e   0x0800230e   0x00000002   PAD
    0x08002310   0x08002310   0x00000170   Code   RO         1453    i.UART_SetConfig    stm32f1xx_hal_uart.o
    0x08002480   0x08002480   0x00000062   Code   RO         1454    i.UART_Transmit_IT  stm32f1xx_hal_uart.o
    0x080024e2   0x080024e2   0x00000064   Code   RO         1455    i.UART_WaitOnFlagUntilTimeout  stm32f1xx_hal_uart.o
    0x08002546   0x08002546   0x00000002   PAD
    0x08002548   0x08002548   0x0000000c   Code   RO          349    i.USART1_IRQHandler  stm32f1xx_it.o
    0x08002554   0x08002554   0x00000002   Code   RO          350    i.UsageFault_Handler  stm32f1xx_it.o
    0x08002556   0x08002556   0x00000002   Code   RO          233    i._Error_Handler    main.o
    0x08002558   0x08002558   0x0000000e   Code   RO         2674    i.__scatterload_copy  mc_w.l(handlers.o)
    0x08002566   0x08002566   0x00000002   Code   RO         2675    i.__scatterload_null  mc_w.l(handlers.o)
    0x08002568   0x08002568   0x0000000e   Code   RO         2676    i.__scatterload_zeroinit  mc_w.l(handlers.o)
    0x08002576   0x08002576   0x00000002   PAD
    0x08002578   0x08002578   0x000001dc   Code   RO          234    i.main              main.o
    0x08002754   0x08002754   0x00000010   Data   RO         2618    .constdata          system_stm32f1xx.o
    0x08002764   0x08002764   0x00000008   Data   RO         2619    .constdata          system_stm32f1xx.o
    0x0800276c   0x0800276c   0x00000020   Data   RO         2672    Region$$Table       anon$$obj.o


    Execution Region RW_IRAM1 (Exec base: 0x20000000, Load base: 0x0800278c, Size: 0x00000640, Max: 0x00005000, ABSOLUTE)

    Exec Addr    Load Addr    Size         Type   Attr      Idx    E Section Name        Object

    0x20000000   0x0800278c   0x00000046   Data   RW           16    .data               read_switch.o
    0x20000046   0x080027d2   0x0000000a   Data   RW          159    .data               rs485.o
    0x20000050   0x080027dc   0x00000006   Data   RW          237    .data               main.o
    0x20000056   0x080027e2   0x00000002   PAD
    0x20000058   0x080027e4   0x0000000c   Data   RW         1751    .data               stm32f1xx_hal.o
    0x20000064   0x080027f0   0x00000004   Data   RW         2620    .data               system_stm32f1xx.o
    0x20000068        -       0x00000080   Zero   RW          158    .bss                rs485.o
    0x200000e8        -       0x00000114   Zero   RW          235    .bss                main.o
    0x200001fc        -       0x00000044   Zero   RW          236    .bss                main.o
    0x20000240        -       0x00000400   Zero   RW            1    STACK               startup_stm32f103xb.o


==============================================================================

Image component sizes


      Code (inc. data)   RO Data    RW Data    ZI Data      Debug   Object Name

      1412        160          0          6        344      10176   main.o
       128         18          0         70          0     443886   read_switch.o
      1116        118          0         10        128       5915   rs485.o
        36          8        236          0       1024        792   startup_stm32f103xb.o
       164         28          0         12          0       3777   stm32f1xx_hal.o
      1112         54          0          0          0       8386   stm32f1xx_hal_adc.o
       300          0          0          0          0       1443   stm32f1xx_hal_can.o
       228         14          0          0          0      27301   stm32f1xx_hal_cortex.o
       746         36          0          0          0       4266   stm32f1xx_hal_dma.o
       464         36          0          0          0       3463   stm32f1xx_hal_gpio.o
       320         18          0          0          0       2899   stm32f1xx_hal_i2c.o
        82          0          0          0          0       1124   stm32f1xx_hal_iwdg.o
       552         94          0          0          0       3519   stm32f1xx_hal_msp.o
      1296        104          0          0          0       5572   stm32f1xx_hal_rcc.o
       236         12          0          0          0       1368   stm32f1xx_hal_rcc_ex.o
      1402         10          0          0          0       9167   stm32f1xx_hal_uart.o
        54         12          0          0          0       4585   stm32f1xx_it.o
        72         16         24          4          0       1127   system_stm32f1xx.o

    ----------------------------------------------------------------------
      9744        738        292        104       1496     538766   Object Totals
         0          0         32          0          0          0   (incl. Generated)
        24          0          0          2          0          0   (incl. Padding)

    ----------------------------------------------------------------------

      Code (inc. data)   RO Data    RW Data    ZI Data      Debug   Library Member Name

         0          0          0          0          0          0   entry.o
         0          0          0          0          0          0   entry10a.o
         0          0          0          0          0          0   entry11a.o
         8          4          0          0          0          0   entry2.o
         4          0          0          0          0          0   entry5.o
         0          0          0          0          0          0   entry7b.o
         0          0          0          0          0          0   entry8b.o
         8          4          0          0          0          0   entry9a.o
        30          0          0          0          0          0   handlers.o
        36          8          0          0          0         68   init.o

    ----------------------------------------------------------------------
        88         16          0          0          0         68   Library Totals
         2          0          0          0          0          0   (incl. Padding)

    ----------------------------------------------------------------------

      Code (inc. data)   RO Data    RW Data    ZI Data      Debug   Library Name

        86         16          0          0          0         68   mc_w.l

    ----------------------------------------------------------------------
        88         16          0          0          0         68   Library Totals

    ----------------------------------------------------------------------

==============================================================================


      Code (inc. data)   RO Data    RW Data    ZI Data      Debug   

      9832        754        292        104       1496     534306   Grand Totals
      9832        754        292        104       1496     534306   ELF Image Totals
      9832        754        292        104          0          0   ROM Totals

==============================================================================

    Total RO  Size (Code + RO Data)                10124 (   9.89kB)
    Total RW  Size (RW Data + ZI Data)              1600 (   1.56kB)
    Total ROM Size (Code + RO Data + RW Data)      10228 (   9.99kB)

==============================================================================

